Archive member included to satisfy reference by file (symbol)

C:/MaximSDK/Libraries/PeriphDrivers/bin/MAX78000/spi-v1_softfp/libPeriphDriver_spi-v1_softfp.a(mxc_delay.o)
                              c:/MaximSDK/Examples/MAX78000/CNN/source_clean_unclean/build/main.o (MXC_Delay)
C:/MaximSDK/Libraries/PeriphDrivers/bin/MAX78000/spi-v1_softfp/libPeriphDriver_spi-v1_softfp.a(nvic_table.o)
                              c:/MaximSDK/Examples/MAX78000/CNN/source_clean_unclean/build/cnn.o (MXC_NVIC_SetVector)
C:/MaximSDK/Libraries/PeriphDrivers/bin/MAX78000/spi-v1_softfp/libPeriphDriver_spi-v1_softfp.a(pins_ai85.o)
                              c:/MaximSDK/Examples/MAX78000/CNN/source_clean_unclean/build/camera.o (gpio_cfg_pcif_xclk)
C:/MaximSDK/Libraries/PeriphDrivers/bin/MAX78000/spi-v1_softfp/libPeriphDriver_spi-v1_softfp.a(sys_ai85.o)
                              c:/MaximSDK/Examples/MAX78000/CNN/source_clean_unclean/build/cnn.o (MXC_SYS_ClockDisable)
C:/MaximSDK/Libraries/PeriphDrivers/bin/MAX78000/spi-v1_softfp/libPeriphDriver_spi-v1_softfp.a(aes_me17.o)
                              C:/MaximSDK/Libraries/PeriphDrivers/bin/MAX78000/spi-v1_softfp/libPeriphDriver_spi-v1_softfp.a(sys_ai85.o) (MXC_AES_Init)
C:/MaximSDK/Libraries/PeriphDrivers/bin/MAX78000/spi-v1_softfp/libPeriphDriver_spi-v1_softfp.a(aes_revb.o)
                              C:/MaximSDK/Libraries/PeriphDrivers/bin/MAX78000/spi-v1_softfp/libPeriphDriver_spi-v1_softfp.a(aes_me17.o) (MXC_AES_RevB_Init)
C:/MaximSDK/Libraries/PeriphDrivers/bin/MAX78000/spi-v1_softfp/libPeriphDriver_spi-v1_softfp.a(cameraif_ai85.o)
                              c:/MaximSDK/Examples/MAX78000/CNN/source_clean_unclean/build/camera.o (MXC_PCIF_Init)
C:/MaximSDK/Libraries/PeriphDrivers/bin/MAX78000/spi-v1_softfp/libPeriphDriver_spi-v1_softfp.a(cameraif_reva.o)
                              C:/MaximSDK/Libraries/PeriphDrivers/bin/MAX78000/spi-v1_softfp/libPeriphDriver_spi-v1_softfp.a(cameraif_ai85.o) (MXC_PCIF_RevA_SetDatawidth)
C:/MaximSDK/Libraries/PeriphDrivers/bin/MAX78000/spi-v1_softfp/libPeriphDriver_spi-v1_softfp.a(dma_me17.o)
                              c:/MaximSDK/Examples/MAX78000/CNN/source_clean_unclean/build/main.o (MXC_DMA_Init)
C:/MaximSDK/Libraries/PeriphDrivers/bin/MAX78000/spi-v1_softfp/libPeriphDriver_spi-v1_softfp.a(dma_reva.o)
                              C:/MaximSDK/Libraries/PeriphDrivers/bin/MAX78000/spi-v1_softfp/libPeriphDriver_spi-v1_softfp.a(dma_me17.o) (MXC_DMA_RevA_Init)
C:/MaximSDK/Libraries/PeriphDrivers/bin/MAX78000/spi-v1_softfp/libPeriphDriver_spi-v1_softfp.a(flc_me17.o)
                              C:/MaximSDK/Libraries/PeriphDrivers/bin/MAX78000/spi-v1_softfp/libPeriphDriver_spi-v1_softfp.a(sys_ai85.o) (MXC_FLC_UnlockInfoBlock)
C:/MaximSDK/Libraries/PeriphDrivers/bin/MAX78000/spi-v1_softfp/libPeriphDriver_spi-v1_softfp.a(flc_reva.o)
                              C:/MaximSDK/Libraries/PeriphDrivers/bin/MAX78000/spi-v1_softfp/libPeriphDriver_spi-v1_softfp.a(flc_me17.o) (MXC_FLC_RevA_Busy)
C:/MaximSDK/Libraries/PeriphDrivers/bin/MAX78000/spi-v1_softfp/libPeriphDriver_spi-v1_softfp.a(gpio_ai85.o)
                              c:/MaximSDK/Examples/MAX78000/CNN/source_clean_unclean/build/cnn.o (MXC_GPIO_Config)
C:/MaximSDK/Libraries/PeriphDrivers/bin/MAX78000/spi-v1_softfp/libPeriphDriver_spi-v1_softfp.a(gpio_reva.o)
                              C:/MaximSDK/Libraries/PeriphDrivers/bin/MAX78000/spi-v1_softfp/libPeriphDriver_spi-v1_softfp.a(gpio_ai85.o) (MXC_GPIO_RevA_InGet)
C:/MaximSDK/Libraries/PeriphDrivers/bin/MAX78000/spi-v1_softfp/libPeriphDriver_spi-v1_softfp.a(i2c_me17.o)
                              c:/MaximSDK/Examples/MAX78000/CNN/source_clean_unclean/build/max20303.o (MXC_I2C_Init)
C:/MaximSDK/Libraries/PeriphDrivers/bin/MAX78000/spi-v1_softfp/libPeriphDriver_spi-v1_softfp.a(i2c_reva.o)
                              C:/MaximSDK/Libraries/PeriphDrivers/bin/MAX78000/spi-v1_softfp/libPeriphDriver_spi-v1_softfp.a(i2c_me17.o) (MXC_I2C_RevA_DMACallback)
C:/MaximSDK/Libraries/PeriphDrivers/bin/MAX78000/spi-v1_softfp/libPeriphDriver_spi-v1_softfp.a(icc_me17.o)
                              c:/MaximSDK/Examples/MAX78000/CNN/source_clean_unclean/build/main.o (MXC_ICC_Enable)
C:/MaximSDK/Libraries/PeriphDrivers/bin/MAX78000/spi-v1_softfp/libPeriphDriver_spi-v1_softfp.a(icc_reva.o)
                              C:/MaximSDK/Libraries/PeriphDrivers/bin/MAX78000/spi-v1_softfp/libPeriphDriver_spi-v1_softfp.a(icc_me17.o) (MXC_ICC_RevA_ID)
C:/MaximSDK/Libraries/PeriphDrivers/bin/MAX78000/spi-v1_softfp/libPeriphDriver_spi-v1_softfp.a(pt_ai85.o)
                              c:/MaximSDK/Examples/MAX78000/CNN/source_clean_unclean/build/camera.o (MXC_PT_Init)
C:/MaximSDK/Libraries/PeriphDrivers/bin/MAX78000/spi-v1_softfp/libPeriphDriver_spi-v1_softfp.a(pt_reva.o)
                              C:/MaximSDK/Libraries/PeriphDrivers/bin/MAX78000/spi-v1_softfp/libPeriphDriver_spi-v1_softfp.a(pt_ai85.o) (MXC_PT_RevA_Init)
[...]
Memory Configuration

Name             Origin             Length             Attributes
ROM              0x00000000         0x00010000         xr
FLASH            0x10000000         0x00080000         xr
SRAM             0x20000000         0x00020000         xrw
*default*        0x00000000         0xffffffff

Linker script and memory map

LOAD c:/maximsdk/tools/gnutools/10.3/bin/../lib/gcc/arm-none-eabi/10.3.1/thumb/v7e-m+fp/softfp/crti.o
LOAD c:/maximsdk/tools/gnutools/10.3/bin/../lib/gcc/arm-none-eabi/10.3.1/thumb/v7e-m+fp/softfp/crtbegin.o
LOAD c:/maximsdk/tools/gnutools/10.3/bin/../lib/gcc/arm-none-eabi/10.3.1/../../../../arm-none-eabi/lib/thumb/v7e-m+fp/softfp/crt0.o
LOAD c:/MaximSDK/Examples/MAX78000/CNN/source_clean_unclean/build/img_1_rgb565.o
LOAD c:/MaximSDK/Examples/MAX78000/CNN/source_clean_unclean/build/logo_rgb565.o
LOAD c:/MaximSDK/Examples/MAX78000/CNN/source_clean_unclean/build/cnn.o
LOAD c:/MaximSDK/Examples/MAX78000/CNN/source_clean_unclean/build/main.o
LOAD c:/MaximSDK/Examples/MAX78000/CNN/source_clean_unclean/build/softmax.o
LOAD c:/MaximSDK/Examples/MAX78000/CNN/source_clean_unclean/build/board.o
LOAD c:/MaximSDK/Examples/MAX78000/CNN/source_clean_unclean/build/stdio.o
LOAD c:/MaximSDK/Examples/MAX78000/CNN/source_clean_unclean/build/led.o
LOAD c:/MaximSDK/Examples/MAX78000/CNN/source_clean_unclean/build/pb.o
LOAD c:/MaximSDK/Examples/MAX78000/CNN/source_clean_unclean/build/tft_ili9341.o
LOAD c:/MaximSDK/Examples/MAX78000/CNN/source_clean_unclean/build/camera.o
LOAD c:/MaximSDK/Examples/MAX78000/CNN/source_clean_unclean/build/ov7692.o
LOAD c:/MaximSDK/Examples/MAX78000/CNN/source_clean_unclean/build/sccb.o
LOAD c:/MaximSDK/Examples/MAX78000/CNN/source_clean_unclean/build/max20303.o
LOAD c:/MaximSDK/Examples/MAX78000/CNN/source_clean_unclean/build/max9867.o
LOAD c:/MaximSDK/Examples/MAX78000/CNN/source_clean_unclean/build/N01S830HA.o
LOAD c:/MaximSDK/Examples/MAX78000/CNN/source_clean_unclean/build/fastspi.o
LOAD c:/MaximSDK/Examples/MAX78000/CNN/source_clean_unclean/build/LiberationSans16x16.o
LOAD c:/MaximSDK/Examples/MAX78000/CNN/source_clean_unclean/build/startup_max78000.o
LOAD c:/MaximSDK/Examples/MAX78000/CNN/source_clean_unclean/build/heap.o
LOAD c:/MaximSDK/Examples/MAX78000/CNN/source_clean_unclean/build/system_max78000.o
START GROUP
LOAD C:/MaximSDK/Libraries/PeriphDrivers/bin/MAX78000/spi-v1_softfp/libPeriphDriver_spi-v1_softfp.a
LOAD c:/maximsdk/tools/gnutools/10.3/bin/../lib/gcc/arm-none-eabi/10.3.1/../../../../arm-none-eabi/lib/thumb/v7e-m+fp/softfp\libc.a
LOAD c:/maximsdk/tools/gnutools/10.3/bin/../lib/gcc/arm-none-eabi/10.3.1/../../../../arm-none-eabi/lib/thumb/v7e-m+fp/softfp\libm.a
LOAD c:/maximsdk/tools/gnutools/10.3/bin/../lib/gcc/arm-none-eabi/10.3.1/../../../../arm-none-eabi/lib/thumb/v7e-m+fp/softfp\libnosys.a
END GROUP
START GROUP
LOAD c:/maximsdk/tools/gnutools/10.3/bin/../lib/gcc/arm-none-eabi/10.3.1/thumb/v7e-m+fp/softfp\libgcc.a
LOAD c:/maximsdk/tools/gnutools/10.3/bin/../lib/gcc/arm-none-eabi/10.3.1/../../../../arm-none-eabi/lib/thumb/v7e-m+fp/softfp\libc.a
END GROUP
LOAD c:/maximsdk/tools/gnutools/10.3/bin/../lib/gcc/arm-none-eabi/10.3.1/thumb/v7e-m+fp/softfp/crtend.o
LOAD c:/maximsdk/tools/gnutools/10.3/bin/../lib/gcc/arm-none-eabi/10.3.1/thumb/v7e-m+fp/softfp/crtn.o

.rom
 *(.rom_vector)
 *(.rom_handlers*)

.text           0x10000000    0x1c31c
                0x10000000                _text = .
 *(.isr_vector)
 .isr_vector    0x10000000      0x1e0 c:/MaximSDK/Examples/MAX78000/CNN/source_clean_unclean/build/startup_max78000.o
                0x10000000                __isr_vector
 EXCLUDE_FILE(*riscv.o) *(.text*)
 .text          0x100001e0       0x40 c:/maximsdk/tools/gnutools/10.3/bin/../lib/gcc/arm-none-eabi/10.3.1/thumb/v7e-m+fp/softfp/crtbegin.o
 .text.CNN_ISR  0x10000220       0x48 c:/MaximSDK/Examples/MAX78000/CNN/source_clean_unclean/build/cnn.o
                0x10000220                CNN_ISR
 .text.cnn_stop
                0x10000268       0x14 c:/MaximSDK/Examples/MAX78000/CNN/source_clean_unclean/build/cnn.o
                0x10000268                cnn_stop
 .text.cnn_load_weights
                0x1000027c       0x4c c:/MaximSDK/Examples/MAX78000/CNN/source_clean_unclean/build/cnn.o
                0x1000027c                cnn_load_weights
 .text.cnn_load_bias
                0x100002c8       0x14 c:/MaximSDK/Examples/MAX78000/CNN/source_clean_unclean/build/cnn.o
                0x100002c8                cnn_load_bias
 .text.cnn_init
                0x100002dc       0x54 c:/MaximSDK/Examples/MAX78000/CNN/source_clean_unclean/build/cnn.o
                0x100002dc                cnn_init
 .text.cnn_configure
                0x10000330      0x7f0 c:/MaximSDK/Examples/MAX78000/CNN/source_clean_unclean/build/cnn.o
                0x10000330                cnn_configure
 .text.cnn_start
                0x10000b20       0x44 c:/MaximSDK/Examples/MAX78000/CNN/source_clean_unclean/build/cnn.o
                0x10000b20                cnn_start
 .text.cnn_unload
                0x10000b64       0x18 c:/MaximSDK/Examples/MAX78000/CNN/source_clean_unclean/build/cnn.o
                0x10000b64                cnn_unload
 .text.cnn_enable
                0x10000b7c       0x3c c:/MaximSDK/Examples/MAX78000/CNN/source_clean_unclean/build/cnn.o
                0x10000b7c                cnn_enable
 .text.cnn_boost_enable
                0x10000bb8       0x24 c:/MaximSDK/Examples/MAX78000/CNN/source_clean_unclean/build/cnn.o
                0x10000bb8                cnn_boost_enable
 .text.capture_process_camera
                0x10000bdc       0xe4 c:/MaximSDK/Examples/MAX78000/CNN/source_clean_unclean/build/main.o
                0x10000bdc                capture_process_camera
 .text.startup.main
                0x10000cc0      0x1e0 c:/MaximSDK/Examples/MAX78000/CNN/source_clean_unclean/build/main.o
                0x10000cc0                main
 .text.softmax_q17p14_q15
                0x10000ea0       0xa8 c:/MaximSDK/Examples/MAX78000/CNN/source_clean_unclean/build/softmax.o
                0x10000ea0                softmax_q17p14_q15
 .text.mxc_assert
                0x10000f48       0x10 c:/MaximSDK/Examples/MAX78000/CNN/source_clean_unclean/build/board.o
                0x10000f48                mxc_assert
 .text.GPIO0_IRQHandler
                0x10000f58        0x8 c:/MaximSDK/Examples/MAX78000/CNN/source_clean_unclean/build/board.o
                0x10000f58                GPIO0_IRQHandler
 .text.GPIO1_IRQHandler
                0x10000f60        0x8 c:/MaximSDK/Examples/MAX78000/CNN/source_clean_unclean/build/board.o
                0x10000f60                GPIO1_IRQHandler
 .text.Board_Init
                0x10000f68       0x6c c:/MaximSDK/Examples/MAX78000/CNN/source_clean_unclean/build/board.o
                0x10000f68                Board_Init
 .text.NMI_Handler
                0x10000fd4        0x4 c:/MaximSDK/Examples/MAX78000/CNN/source_clean_unclean/build/board.o
                0x10000fd4                NMI_Handler
 .text.Camera_Power
                0x10000fd8       0x1c c:/MaximSDK/Examples/MAX78000/CNN/source_clean_unclean/build/board.o
                0x10000fd8                Camera_Power
 .text._close   0x10000ff4        0x8 c:/MaximSDK/Examples/MAX78000/CNN/source_clean_unclean/build/stdio.o
                0x10000ff4                _close
 .text._isatty  0x10000ffc        0x8 c:/MaximSDK/Examples/MAX78000/CNN/source_clean_unclean/build/stdio.o
                0x10000ffc                _isatty
 .text._lseek   0x10001004        0x8 c:/MaximSDK/Examples/MAX78000/CNN/source_clean_unclean/build/stdio.o
                0x10001004                _lseek
 .text._fstat   0x1000100c        0x8 c:/MaximSDK/Examples/MAX78000/CNN/source_clean_unclean/build/stdio.o
                0x1000100c                _fstat
 .text._read    0x10001014       0x50 c:/MaximSDK/Examples/MAX78000/CNN/source_clean_unclean/build/stdio.o
                0x10001014                _read
 .text._write   0x10001064       0x54 c:/MaximSDK/Examples/MAX78000/CNN/source_clean_unclean/build/stdio.o
                0x10001064                _write
 .text.LED_Init
                0x100010b8       0x40 c:/MaximSDK/Examples/MAX78000/CNN/source_clean_unclean/build/led.o
                0x100010b8                LED_Init
 .text.LED_On   0x100010f8       0x40 c:/MaximSDK/Examples/MAX78000/CNN/source_clean_unclean/build/led.o
                0x100010f8                LED_On
 .text.LED_Off  0x10001138       0x40 c:/MaximSDK/Examples/MAX78000/CNN/source_clean_unclean/build/led.o
                0x10001138                LED_Off
 .text.PB_Init  0x10001178       0x68 c:/MaximSDK/Examples/MAX78000/CNN/source_clean_unclean/build/pb.o
                0x10001178                PB_Init
 .text.PB_Get   0x100011e0       0x50 c:/MaximSDK/Examples/MAX78000/CNN/source_clean_unclean/build/pb.o
                0x100011e0                PB_Get
 .text.camera_irq_handler
                0x10001230      0x13c c:/MaximSDK/Examples/MAX78000/CNN/source_clean_unclean/build/camera.o
                0x10001230                camera_irq_handler
 .text.stream_callback
                0x1000136c       0xbc c:/MaximSDK/Examples/MAX78000/CNN/source_clean_unclean/build/camera.o
 .text.setup_dma
                0x10001428       0x94 c:/MaximSDK/Examples/MAX78000/CNN/source_clean_unclean/build/camera.o
 .text.stream_irq_handler
                0x100014bc        0x4 c:/MaximSDK/Examples/MAX78000/CNN/source_clean_unclean/build/camera.o
                0x100014bc                stream_irq_handler
 .text.camera_init
                0x100014c0      0x12c c:/MaximSDK/Examples/MAX78000/CNN/source_clean_unclean/build/camera.o
                0x100014c0                camera_init
 .text.camera_setup
                0x100015ec      0x1d8 c:/MaximSDK/Examples/MAX78000/CNN/source_clean_unclean/build/camera.o
                0x100015ec                camera_setup
 .text.camera_write_reg
                0x100017c4        0xc c:/MaximSDK/Examples/MAX78000/CNN/source_clean_unclean/build/camera.o
                0x100017c4                camera_write_reg
 .text.camera_start_capture_image
                0x100017d0       0x3c c:/MaximSDK/Examples/MAX78000/CNN/source_clean_unclean/build/camera.o
                0x100017d0                camera_start_capture_image
 .text.camera_is_image_rcv
                0x1000180c       0x10 c:/MaximSDK/Examples/MAX78000/CNN/source_clean_unclean/build/camera.o
                0x1000180c                camera_is_image_rcv
 .text.camera_get_image
                0x1000181c       0x3c c:/MaximSDK/Examples/MAX78000/CNN/source_clean_unclean/build/camera.o
                0x1000181c                camera_get_image
 .text.get_camera_stream_buffer
                0x10001858        0xc c:/MaximSDK/Examples/MAX78000/CNN/source_clean_unclean/build/camera.o
                0x10001858                get_camera_stream_buffer
 .text.release_camera_stream_buffer
                0x10001864        0xc c:/MaximSDK/Examples/MAX78000/CNN/source_clean_unclean/build/camera.o
                0x10001864                release_camera_stream_buffer
 .text.get_camera_stream_statistic
                0x10001870        0x8 c:/MaximSDK/Examples/MAX78000/CNN/source_clean_unclean/build/camera.o
                0x10001870                get_camera_stream_statistic
 .text.init     0x10001878       0x10 c:/MaximSDK/Examples/MAX78000/CNN/source_clean_unclean/build/ov7692.o
 .text.get_slave_address
                0x10001888        0xc c:/MaximSDK/Examples/MAX78000/CNN/source_clean_unclean/build/ov7692.o
 .text.get_pixformat
                0x10001894       0x10 c:/MaximSDK/Examples/MAX78000/CNN/source_clean_unclean/build/ov7692.o
 .text.set_saturation
                0x100018a4        0x4 c:/MaximSDK/Examples/MAX78000/CNN/source_clean_unclean/build/ov7692.o
 .text.get_luminance
                0x100018a8       0x60 c:/MaximSDK/Examples/MAX78000/CNN/source_clean_unclean/build/ov7692.o
 .text.read_reg
                0x10001908       0x20 c:/MaximSDK/Examples/MAX78000/CNN/source_clean_unclean/build/ov7692.o
 .text.get_manufacture_id
                0x10001928       0x3c c:/MaximSDK/Examples/MAX78000/CNN/source_clean_unclean/build/ov7692.o
 .text.get_product_id
                0x10001964       0x3c c:/MaximSDK/Examples/MAX78000/CNN/source_clean_unclean/build/ov7692.o
 .text.set_negateimage
                0x100019a0       0x90 c:/MaximSDK/Examples/MAX78000/CNN/source_clean_unclean/build/ov7692.o
 .text.set_vflip
                0x10001a30       0x3c c:/MaximSDK/Examples/MAX78000/CNN/source_clean_unclean/build/ov7692.o
 .text.set_hmirror
                0x10001a6c       0x3c c:/MaximSDK/Examples/MAX78000/CNN/source_clean_unclean/build/ov7692.o
 .text.set_colorbar
                0x10001aa8       0x3c c:/MaximSDK/Examples/MAX78000/CNN/source_clean_unclean/build/ov7692.o
 .text.set_gainceiling
                0x10001ae4       0xa0 c:/MaximSDK/Examples/MAX78000/CNN/source_clean_unclean/build/ov7692.o
 .text.set_brightness
                0x10001b84       0xa8 c:/MaximSDK/Examples/MAX78000/CNN/source_clean_unclean/build/ov7692.o
 .text.set_contrast
                0x10001c2c       0xa0 c:/MaximSDK/Examples/MAX78000/CNN/source_clean_unclean/build/ov7692.o
 .text.set_windowing
                0x10001ccc      0x120 c:/MaximSDK/Examples/MAX78000/CNN/source_clean_unclean/build/ov7692.o
 .text.set_framesize
                0x10001dec       0xcc c:/MaximSDK/Examples/MAX78000/CNN/source_clean_unclean/build/ov7692.o
 .text.set_pixformat
                0x10001eb8       0x54 c:/MaximSDK/Examples/MAX78000/CNN/source_clean_unclean/build/ov7692.o
 .text.write_reg
                0x10001f0c       0x18 c:/MaximSDK/Examples/MAX78000/CNN/source_clean_unclean/build/ov7692.o
 .text.sleep    0x10001f24       0x3c c:/MaximSDK/Examples/MAX78000/CNN/source_clean_unclean/build/ov7692.o
 .text.reset    0x10001f60       0x64 c:/MaximSDK/Examples/MAX78000/CNN/source_clean_unclean/build/ov7692.o
 .text.dump_registers
                0x10001fc4       0xa8 c:/MaximSDK/Examples/MAX78000/CNN/source_clean_unclean/build/ov7692.o
 .text.sensor_register
                0x1000206c       0xbc c:/MaximSDK/Examples/MAX78000/CNN/source_clean_unclean/build/ov7692.o
                0x1000206c                sensor_register
 .text.send_byte
                0x10002128       0x68 c:/MaximSDK/Examples/MAX78000/CNN/source_clean_unclean/build/sccb.o
 .text.get_byte
                0x10002190       0x50 c:/MaximSDK/Examples/MAX78000/CNN/source_clean_unclean/build/sccb.o
 .text.sccb_init
                0x100021e0       0x30 c:/MaximSDK/Examples/MAX78000/CNN/source_clean_unclean/build/sccb.o
                0x100021e0                sccb_init
 .text.sccb_read_byt
                0x10002210      0x11c c:/MaximSDK/Examples/MAX78000/CNN/source_clean_unclean/build/sccb.o
                0x10002210                sccb_read_byt
 .text.sccb_write_byt
                0x1000232c       0xa4 c:/MaximSDK/Examples/MAX78000/CNN/source_clean_unclean/build/sccb.o
                0x1000232c                sccb_write_byt
 .text.reg_read
                0x100023d0       0x78 c:/MaximSDK/Examples/MAX78000/CNN/source_clean_unclean/build/max20303.o
 .text.reg_write
                0x10002448       0x60 c:/MaximSDK/Examples/MAX78000/CNN/source_clean_unclean/build/max20303.o
 .text.reg_write_buf.constprop.0
                0x100024a8       0x70 c:/MaximSDK/Examples/MAX78000/CNN/source_clean_unclean/build/max20303.o
 .text.max20303_camera_power
                0x10002518       0x68 c:/MaximSDK/Examples/MAX78000/CNN/source_clean_unclean/build/max20303.o
                0x10002518                max20303_camera_power
 .text.max20303_init
                0x10002580       0x68 c:/MaximSDK/Examples/MAX78000/CNN/source_clean_unclean/build/max20303.o
                0x10002580                max20303_init
 .text          0x100025e8      0x148 c:/MaximSDK/Examples/MAX78000/CNN/source_clean_unclean/build/startup_max78000.o
                0x100025e8                Reset_Handler
                0x10002626                HardFault_Handler
                0x10002628                MemManage_Handler
                0x1000262a                BusFault_Handler
                0x1000262c                UsageFault_Handler
                0x1000262e                SVC_Handler
                0x10002630                DebugMon_Handler
                0x10002632                PendSV_Handler
                0x10002634                SysTick_Handler
                0x10002636                Default_Handler
                0x10002638                PF_IRQHandler
                0x1000263a                WDT0_IRQHandler
                0x1000263c                RSV02_IRQHandler
                0x1000263e                RTC_IRQHandler
                0x10002640                TRNG_IRQHandler
                0x10002642                TMR0_IRQHandler
                0x10002644                TMR1_IRQHandler
                0x10002646                TMR2_IRQHandler
                0x10002648                TMR3_IRQHandler
                0x1000264a                TMR4_IRQHandler
                0x1000264c                TMR5_IRQHandler
                0x1000264e                RSV11_IRQHandler
                0x10002650                RSV12_IRQHandler
                0x10002652                I2C0_IRQHandler
                0x10002654                UART0_IRQHandler
                0x10002656                UART1_IRQHandler
                0x10002658                SPI1_IRQHandler
                0x1000265a                RSV17_IRQHandler
                0x1000265c                RSV18_IRQHandler
                0x1000265e                RSV19_IRQHandler
                0x10002660                ADC_IRQHandler
                0x10002662                RSV21_IRQHandler
                0x10002664                RSV22_IRQHandler
                0x10002666                FLC0_IRQHandler
                0x1000266c                GPIO2_IRQHandler
                0x1000266e                RSV27_IRQHandler
                0x10002670                DMA0_IRQHandler
                0x10002672                DMA1_IRQHandler
                0x10002674                DMA2_IRQHandler
                0x10002676                DMA3_IRQHandler
                0x10002678                RSV32_IRQHandler
                0x1000267a                RSV33_IRQHandler
                0x1000267c                UART2_IRQHandler
                0x1000267e                RSV35_IRQHandler
                0x10002680                I2C1_IRQHandler
                0x10002682                RSV37_IRQHandler
                0x10002684                RSV38_IRQHandler
                0x10002686                RSV39_IRQHandler
                0x10002688                RSV40_IRQHandler
                0x1000268a                RSV41_IRQHandler
                0x1000268c                RSV42_IRQHandler
                0x1000268e                RSV43_IRQHandler
                0x10002690                RSV44_IRQHandler
                0x10002692                RSV45_IRQHandler
                0x10002694                RSV46_IRQHandler
                0x10002696                RSV47_IRQHandler
                0x10002698                RSV48_IRQHandler
                0x1000269a                RSV49_IRQHandler
                0x1000269c                RSV50_IRQHandler
                0x1000269e                RSV51_IRQHandler
                0x100026a0                RSV52_IRQHandler
                0x100026a2                WUT_IRQHandler
                0x100026a4                GPIOWAKE_IRQHandler
                0x100026a6                RSV55_IRQHandler
                0x100026a8                SPI0_IRQHandler
                0x100026aa                WDT1_IRQHandler
                0x100026ac                RSV58_IRQHandler
                0x100026ae                PT_IRQHandler
                0x100026b0                RSV60_IRQHandler
                0x100026b2                RSV61_IRQHandler
                0x100026b4                I2C2_IRQHandler
                0x100026b6                RISCV_IRQHandler
                0x100026b8                RSV64_IRQHandler
                0x100026ba                RSV65_IRQHandler
                0x100026bc                RSV66_IRQHandler
                0x100026be                OWM_IRQHandler
                0x100026c0                RSV68_IRQHandler
                0x100026c2                RSV69_IRQHandler
                0x100026c4                RSV70_IRQHandler
                0x100026c6                RSV71_IRQHandler
                0x100026c8                RSV72_IRQHandler
                0x100026ca                RSV73_IRQHandler
                0x100026cc                RSV74_IRQHandler
                0x100026ce                RSV75_IRQHandler
                0x100026d0                RSV76_IRQHandler
                0x100026d2                RSV77_IRQHandler
                0x100026d4                RSV78_IRQHandler
                0x100026d6                RSV79_IRQHandler
                0x100026d8                RSV80_IRQHandler
                0x100026da                RSV81_IRQHandler
                0x100026dc                ECC_IRQHandler
                0x100026de                DVS_IRQHandler
                0x100026e0                SIMO_IRQHandler
                0x100026e2                RSV85_IRQHandler
                0x100026e4                RSV86_IRQHandler
                0x100026e6                RSV87_IRQHandler
                0x100026e8                UART3_IRQHandler
                0x100026ea                RSV89_IRQHandler
                0x100026ec                RSV90_IRQHandler
                0x100026ee                PCIF_IRQHandler
                0x100026f0                RSV92_IRQHandler
                0x100026f2                RSV93_IRQHandler
                0x100026f4                RSV94_IRQHandler
                0x100026f6                RSV95_IRQHandler
                0x100026f8                RSV96_IRQHandler
                0x100026fa                AES_IRQHandler
                0x100026fc                RSV98_IRQHandler
                0x100026fe                I2S_IRQHandler
                0x10002700                CNN_FIFO_IRQHandler
                0x10002702                CNN_IRQHandler
                0x10002704                RSV102_IRQHandler
                0x10002706                LPCMP_IRQHandler
 .text._sbrk    0x10002730       0x3c c:/MaximSDK/Examples/MAX78000/CNN/source_clean_unclean/build/heap.o
                0x10002730                _sbrk
 .text._getpid  0x1000276c        0x8 c:/MaximSDK/Examples/MAX78000/CNN/source_clean_unclean/build/system_max78000.o
                0x1000276c                _getpid
 .text._kill    0x10002774        0x8 c:/MaximSDK/Examples/MAX78000/CNN/source_clean_unclean/build/system_max78000.o
                0x10002774                _kill
 .text.SystemCoreClockUpdate
                0x1000277c       0x68 c:/MaximSDK/Examples/MAX78000/CNN/source_clean_unclean/build/system_max78000.o
                0x1000277c                SystemCoreClockUpdate
 .text.PreInit  0x100027e4        0x4 c:/MaximSDK/Examples/MAX78000/CNN/source_clean_unclean/build/system_max78000.o
                0x100027e4                PreInit
 .text.PinInit  0x100027e8        0x4 c:/MaximSDK/Examples/MAX78000/CNN/source_clean_unclean/build/system_max78000.o
                0x100027e8                PinInit
 .text.SystemInit
                0x100027ec       0x3c c:/MaximSDK/Examples/MAX78000/CNN/source_clean_unclean/build/system_max78000.o
                0x100027ec                SystemInit
 .text.MXC_DelayInit
                0x10002828       0x7c C:/MaximSDK/Libraries/PeriphDrivers/bin/MAX78000/spi-v1_softfp/libPeriphDriver_spi-v1_softfp.a(mxc_delay.o)
 .text.MXC_DelayAsync
                0x100028a4       0x3c C:/MaximSDK/Libraries/PeriphDrivers/bin/MAX78000/spi-v1_softfp/libPeriphDriver_spi-v1_softfp.a(mxc_delay.o)
                0x100028a4                MXC_DelayAsync
 .text.MXC_DelayCheck
                0x100028e0       0x70 C:/MaximSDK/Libraries/PeriphDrivers/bin/MAX78000/spi-v1_softfp/libPeriphDriver_spi-v1_softfp.a(mxc_delay.o)
                0x100028e0                MXC_DelayCheck
 .text.MXC_DelayAbort
                0x10002950       0x34 C:/MaximSDK/Libraries/PeriphDrivers/bin/MAX78000/spi-v1_softfp/libPeriphDriver_spi-v1_softfp.a(mxc_delay.o)
                0x10002950                MXC_DelayAbort
 .text.MXC_Delay
                0x10002984       0x74 C:/MaximSDK/Libraries/PeriphDrivers/bin/MAX78000/spi-v1_softfp/libPeriphDriver_spi-v1_softfp.a(mxc_delay.o)
                0x10002984                MXC_Delay
 .text.MXC_NVIC_SetVector
                0x100029f8       0x50 C:/MaximSDK/Libraries/PeriphDrivers/bin/MAX78000/spi-v1_softfp/libPeriphDriver_spi-v1_softfp.a(nvic_table.o)
                0x100029f8                MXC_NVIC_SetVector
 .text.MXC_SYS_IsClockEnabled
                0x10002a48       0x44 C:/MaximSDK/Libraries/PeriphDrivers/bin/MAX78000/spi-v1_softfp/libPeriphDriver_spi-v1_softfp.a(sys_ai85.o)
                0x10002a48                MXC_SYS_IsClockEnabled
 .text.MXC_SYS_ClockDisable
                0x10002a8c       0x44 C:/MaximSDK/Libraries/PeriphDrivers/bin/MAX78000/spi-v1_softfp/libPeriphDriver_spi-v1_softfp.a(sys_ai85.o)
                0x10002a8c                MXC_SYS_ClockDisable
 .text.MXC_SYS_ClockEnable
                0x10002ad0       0x4c C:/MaximSDK/Libraries/PeriphDrivers/bin/MAX78000/spi-v1_softfp/libPeriphDriver_spi-v1_softfp.a(sys_ai85.o)
                0x10002ad0                MXC_SYS_ClockEnable
 .text.MXC_SYS_ClockSourceEnable
                0x10002b1c       0xf4 C:/MaximSDK/Libraries/PeriphDrivers/bin/MAX78000/spi-v1_softfp/libPeriphDriver_spi-v1_softfp.a(sys_ai85.o)
                0x10002b1c                MXC_SYS_ClockSourceEnable
 .text.MXC_SYS_Clock_Select
                0x10002c10      0x194 C:/MaximSDK/Libraries/PeriphDrivers/bin/MAX78000/spi-v1_softfp/libPeriphDriver_spi-v1_softfp.a(sys_ai85.o)
                0x10002c10                MXC_SYS_Clock_Select
 .text.MXC_SYS_Reset_Periph
                0x10002da4       0x50 C:/MaximSDK/Libraries/PeriphDrivers/bin/MAX78000/spi-v1_softfp/libPeriphDriver_spi-v1_softfp.a(sys_ai85.o)
                0x10002da4                MXC_SYS_Reset_Periph
 .text.MXC_PCIF_Init
                0x10002df4       0x6c C:/MaximSDK/Libraries/PeriphDrivers/bin/MAX78000/spi-v1_softfp/libPeriphDriver_spi-v1_softfp.a(cameraif_ai85.o)
                0x10002df4                MXC_PCIF_Init
 .text.MXC_PCIF_SetDataWidth
                0x10002e60        0xc C:/MaximSDK/Libraries/PeriphDrivers/bin/MAX78000/spi-v1_softfp/libPeriphDriver_spi-v1_softfp.a(cameraif_ai85.o)
                0x10002e60                MXC_PCIF_SetDataWidth
 .text.MXC_PCIF_SetTimingSel
                0x10002e6c        0xc C:/MaximSDK/Libraries/PeriphDrivers/bin/MAX78000/spi-v1_softfp/libPeriphDriver_spi-v1_softfp.a(cameraif_ai85.o)
                0x10002e6c                MXC_PCIF_SetTimingSel
 .text.MXC_PCIF_SetThreshold
                0x10002e78        0xc C:/MaximSDK/Libraries/PeriphDrivers/bin/MAX78000/spi-v1_softfp/libPeriphDriver_spi-v1_softfp.a(cameraif_ai85.o)
                0x10002e78                MXC_PCIF_SetThreshold
 .text.MXC_PCIF_EnableInt
                0x10002e84        0xc C:/MaximSDK/Libraries/PeriphDrivers/bin/MAX78000/spi-v1_softfp/libPeriphDriver_spi-v1_softfp.a(cameraif_ai85.o)
                0x10002e84                MXC_PCIF_EnableInt
 .text.MXC_PCIF_DisableInt
                0x10002e90        0xc C:/MaximSDK/Libraries/PeriphDrivers/bin/MAX78000/spi-v1_softfp/libPeriphDriver_spi-v1_softfp.a(cameraif_ai85.o)
                0x10002e90                MXC_PCIF_DisableInt
 .text.MXC_PCIF_Start
                0x10002e9c        0xc C:/MaximSDK/Libraries/PeriphDrivers/bin/MAX78000/spi-v1_softfp/libPeriphDriver_spi-v1_softfp.a(cameraif_ai85.o)
                0x10002e9c                MXC_PCIF_Start
 .text.MXC_PCIF_RevA_SetDatawidth
                0x10002ea8       0x14 C:/MaximSDK/Libraries/PeriphDrivers/bin/MAX78000/spi-v1_softfp/libPeriphDriver_spi-v1_softfp.a(cameraif_reva.o)
                0x10002ea8                MXC_PCIF_RevA_SetDatawidth
 .text.MXC_PCIF_RevA_SetTimingSel
                0x10002ebc       0x14 C:/MaximSDK/Libraries/PeriphDrivers/bin/MAX78000/spi-v1_softfp/libPeriphDriver_spi-v1_softfp.a(cameraif_reva.o)
                0x10002ebc                MXC_PCIF_RevA_SetTimingSel
 .text.MXC_PCIF_RevA_SetThreshold
                0x10002ed0       0x18 C:/MaximSDK/Libraries/PeriphDrivers/bin/MAX78000/spi-v1_softfp/libPeriphDriver_spi-v1_softfp.a(cameraif_reva.o)
                0x10002ed0                MXC_PCIF_RevA_SetThreshold
 .text.MXC_PCIF_RevA_EnableInt
                0x10002ee8        0xc C:/MaximSDK/Libraries/PeriphDrivers/bin/MAX78000/spi-v1_softfp/libPeriphDriver_spi-v1_softfp.a(cameraif_reva.o)
                0x10002ee8                MXC_PCIF_RevA_EnableInt
 .text.MXC_PCIF_RevA_DisableInt
                0x10002ef4       0x10 C:/MaximSDK/Libraries/PeriphDrivers/bin/MAX78000/spi-v1_softfp/libPeriphDriver_spi-v1_softfp.a(cameraif_reva.o)
                0x10002ef4                MXC_PCIF_RevA_DisableInt
 .text.MXC_PCIF_RevA_Start
                0x10002f04       0x14 C:/MaximSDK/Libraries/PeriphDrivers/bin/MAX78000/spi-v1_softfp/libPeriphDriver_spi-v1_softfp.a(cameraif_reva.o)
                0x10002f04                MXC_PCIF_RevA_Start
 .text.MXC_DMA_Init
                0x10002f18       0x30 C:/MaximSDK/Libraries/PeriphDrivers/bin/MAX78000/spi-v1_softfp/libPeriphDriver_spi-v1_softfp.a(dma_me17.o)
                0x10002f18                MXC_DMA_Init
 .text.MXC_DMA_DeInit
                0x10002f48        0xc C:/MaximSDK/Libraries/PeriphDrivers/bin/MAX78000/spi-v1_softfp/libPeriphDriver_spi-v1_softfp.a(dma_me17.o)
                0x10002f48                MXC_DMA_DeInit
 .text.MXC_DMA_AcquireChannel
                0x10002f54        0xc C:/MaximSDK/Libraries/PeriphDrivers/bin/MAX78000/spi-v1_softfp/libPeriphDriver_spi-v1_softfp.a(dma_me17.o)
                0x10002f54                MXC_DMA_AcquireChannel
 .text.MXC_DMA_ReleaseChannel
                0x10002f60        0x4 C:/MaximSDK/Libraries/PeriphDrivers/bin/MAX78000/spi-v1_softfp/libPeriphDriver_spi-v1_softfp.a(dma_me17.o)
                0x10002f60                MXC_DMA_ReleaseChannel
 .text.MXC_DMA_SetCallback
                0x10002f64        0x4 C:/MaximSDK/Libraries/PeriphDrivers/bin/MAX78000/spi-v1_softfp/libPeriphDriver_spi-v1_softfp.a(dma_me17.o)
                0x10002f64                MXC_DMA_SetCallback
 .text.MXC_DMA_ChannelClearFlags
                0x10002f68        0x4 C:/MaximSDK/Libraries/PeriphDrivers/bin/MAX78000/spi-v1_softfp/libPeriphDriver_spi-v1_softfp.a(dma_me17.o)
                0x10002f68                MXC_DMA_ChannelClearFlags
 .text.MXC_DMA_Handler
                0x10002f6c        0xc C:/MaximSDK/Libraries/PeriphDrivers/bin/MAX78000/spi-v1_softfp/libPeriphDriver_spi-v1_softfp.a(dma_me17.o)
                0x10002f6c                MXC_DMA_Handler
 .text.MXC_DMA_RevA_Init
                0x10002f78       0xac C:/MaximSDK/Libraries/PeriphDrivers/bin/MAX78000/spi-v1_softfp/libPeriphDriver_spi-v1_softfp.a(dma_reva.o)
                0x10002f78                MXC_DMA_RevA_Init
 .text.MXC_DMA_RevA_DeInit
                0x10003024       0x3c C:/MaximSDK/Libraries/PeriphDrivers/bin/MAX78000/spi-v1_softfp/libPeriphDriver_spi-v1_softfp.a(dma_reva.o)
                0x10003024                MXC_DMA_RevA_DeInit
 .text.MXC_DMA_RevA_AcquireChannel
                0x10003060       0x88 C:/MaximSDK/Libraries/PeriphDrivers/bin/MAX78000/spi-v1_softfp/libPeriphDriver_spi-v1_softfp.a(dma_reva.o)
                0x10003060                MXC_DMA_RevA_AcquireChannel
 .text.MXC_DMA_RevA_ReleaseChannel
                0x100030e8       0x48 C:/MaximSDK/Libraries/PeriphDrivers/bin/MAX78000/spi-v1_softfp/libPeriphDriver_spi-v1_softfp.a(dma_reva.o)
                0x100030e8                MXC_DMA_RevA_ReleaseChannel
 .text.MXC_DMA_RevA_SetCallback
                0x10003130       0x24 C:/MaximSDK/Libraries/PeriphDrivers/bin/MAX78000/spi-v1_softfp/libPeriphDriver_spi-v1_softfp.a(dma_reva.o)
                0x10003130                MXC_DMA_RevA_SetCallback
 .text.MXC_DMA_RevA_ChannelClearFlags
                0x10003154       0x2c C:/MaximSDK/Libraries/PeriphDrivers/bin/MAX78000/spi-v1_softfp/libPeriphDriver_spi-v1_softfp.a(dma_reva.o)
                0x10003154                MXC_DMA_RevA_ChannelClearFlags
 .text.MXC_DMA_RevA_Handler
                0x10003180       0x84 C:/MaximSDK/Libraries/PeriphDrivers/bin/MAX78000/spi-v1_softfp/libPeriphDriver_spi-v1_softfp.a(dma_reva.o)
                0x10003180                MXC_DMA_RevA_Handler
 .text.MXC_GPIO_Init
                0x10003204       0x40 C:/MaximSDK/Libraries/PeriphDrivers/bin/MAX78000/spi-v1_softfp/libPeriphDriver_spi-v1_softfp.a(gpio_ai85.o)
                0x10003204                MXC_GPIO_Init
 .text.MXC_GPIO_Config
                0x10003244      0x234 C:/MaximSDK/Libraries/PeriphDrivers/bin/MAX78000/spi-v1_softfp/libPeriphDriver_spi-v1_softfp.a(gpio_ai85.o)
                0x10003244                MXC_GPIO_Config
 .text.MXC_GPIO_InGet
                0x10003478       0x34 C:/MaximSDK/Libraries/PeriphDrivers/bin/MAX78000/spi-v1_softfp/libPeriphDriver_spi-v1_softfp.a(gpio_ai85.o)
                0x10003478                MXC_GPIO_InGet
 .text.MXC_GPIO_OutSet
                0x100034ac       0x30 C:/MaximSDK/Libraries/PeriphDrivers/bin/MAX78000/spi-v1_softfp/libPeriphDriver_spi-v1_softfp.a(gpio_ai85.o)
                0x100034ac                MXC_GPIO_OutSet
 .text.MXC_GPIO_OutClr
                0x100034dc       0x34 C:/MaximSDK/Libraries/PeriphDrivers/bin/MAX78000/spi-v1_softfp/libPeriphDriver_spi-v1_softfp.a(gpio_ai85.o)
                0x100034dc                MXC_GPIO_OutClr
 .text.MXC_GPIO_Handler
                0x10003510        0x4 C:/MaximSDK/Libraries/PeriphDrivers/bin/MAX78000/spi-v1_softfp/libPeriphDriver_spi-v1_softfp.a(gpio_ai85.o)
                0x10003510                MXC_GPIO_Handler
 .text.MXC_GPIO_ClearFlags
                0x10003514       0x18 C:/MaximSDK/Libraries/PeriphDrivers/bin/MAX78000/spi-v1_softfp/libPeriphDriver_spi-v1_softfp.a(gpio_ai85.o)
                0x10003514                MXC_GPIO_ClearFlags
 .text.MXC_GPIO_GetFlags
                0x1000352c       0x18 C:/MaximSDK/Libraries/PeriphDrivers/bin/MAX78000/spi-v1_softfp/libPeriphDriver_spi-v1_softfp.a(gpio_ai85.o)
                0x1000352c                MXC_GPIO_GetFlags
 .text.MXC_GPIO_SetVSSEL
                0x10003544       0x24 C:/MaximSDK/Libraries/PeriphDrivers/bin/MAX78000/spi-v1_softfp/libPeriphDriver_spi-v1_softfp.a(gpio_ai85.o)
                0x10003544                MXC_GPIO_SetVSSEL
 .text.MXC_GPIO_GetConfigLock
                0x10003568        0x4 C:/MaximSDK/Libraries/PeriphDrivers/bin/MAX78000/spi-v1_softfp/libPeriphDriver_spi-v1_softfp.a(gpio_ai85.o)
                0x10003568                MXC_GPIO_GetConfigLock
 .text.MXC_GPIO_RevA_InGet
                0x1000356c        0x8 C:/MaximSDK/Libraries/PeriphDrivers/bin/MAX78000/spi-v1_softfp/libPeriphDriver_spi-v1_softfp.a(gpio_reva.o)
                0x1000356c                MXC_GPIO_RevA_InGet
 .text.MXC_GPIO_RevA_OutSet
                0x10003574        0x4 C:/MaximSDK/Libraries/PeriphDrivers/bin/MAX78000/spi-v1_softfp/libPeriphDriver_spi-v1_softfp.a(gpio_reva.o)
                0x10003574                MXC_GPIO_RevA_OutSet
 .text.MXC_GPIO_RevA_OutClr
                0x10003578        0x4 C:/MaximSDK/Libraries/PeriphDrivers/bin/MAX78000/spi-v1_softfp/libPeriphDriver_spi-v1_softfp.a(gpio_reva.o)
                0x10003578                MXC_GPIO_RevA_OutClr
 .text.MXC_GPIO_RevA_ClearFlags
                0x1000357c        0x4 C:/MaximSDK/Libraries/PeriphDrivers/bin/MAX78000/spi-v1_softfp/libPeriphDriver_spi-v1_softfp.a(gpio_reva.o)
                0x1000357c                MXC_GPIO_RevA_ClearFlags
 .text.MXC_GPIO_RevA_GetFlags
                0x10003580        0x4 C:/MaximSDK/Libraries/PeriphDrivers/bin/MAX78000/spi-v1_softfp/libPeriphDriver_spi-v1_softfp.a(gpio_reva.o)
                0x10003580                MXC_GPIO_RevA_GetFlags
 .text.MXC_GPIO_RevA_SetVSSEL
                0x10003584       0x40 C:/MaximSDK/Libraries/PeriphDrivers/bin/MAX78000/spi-v1_softfp/libPeriphDriver_spi-v1_softfp.a(gpio_reva.o)
                0x10003584                MXC_GPIO_RevA_SetVSSEL
 .text.MXC_GPIO_RevA_SetAF
                0x100035c4       0x7c C:/MaximSDK/Libraries/PeriphDrivers/bin/MAX78000/spi-v1_softfp/libPeriphDriver_spi-v1_softfp.a(gpio_reva.o)
                0x100035c4                MXC_GPIO_RevA_SetAF
 .text.MXC_GPIO_RevA_SetDriveStrength
                0x10003640       0xa0 C:/MaximSDK/Libraries/PeriphDrivers/bin/MAX78000/spi-v1_softfp/libPeriphDriver_spi-v1_softfp.a(gpio_reva.o)
                0x10003640                MXC_GPIO_RevA_SetDriveStrength
 .text.MXC_I2C_SetSlaveAddr
                0x100036e0        0xc C:/MaximSDK/Libraries/PeriphDrivers/bin/MAX78000/spi-v1_softfp/libPeriphDriver_spi-v1_softfp.a(i2c_me17.o)
                0x100036e0                MXC_I2C_SetSlaveAddr
 .text.MXC_I2C_Shutdown
                0x100036ec       0x6c C:/MaximSDK/Libraries/PeriphDrivers/bin/MAX78000/spi-v1_softfp/libPeriphDriver_spi-v1_softfp.a(i2c_me17.o)
                0x100036ec                MXC_I2C_Shutdown
 .text.MXC_I2C_Init
                0x10003758       0x94 C:/MaximSDK/Libraries/PeriphDrivers/bin/MAX78000/spi-v1_softfp/libPeriphDriver_spi-v1_softfp.a(i2c_me17.o)
                0x10003758                MXC_I2C_Init
 .text.MXC_I2C_SetFrequency
                0x100037ec        0x4 C:/MaximSDK/Libraries/PeriphDrivers/bin/MAX78000/spi-v1_softfp/libPeriphDriver_spi-v1_softfp.a(i2c_me17.o)
                0x100037ec                MXC_I2C_SetFrequency
 .text.MXC_I2C_GetFrequency
                0x100037f0        0x4 C:/MaximSDK/Libraries/PeriphDrivers/bin/MAX78000/spi-v1_softfp/libPeriphDriver_spi-v1_softfp.a(i2c_me17.o)
                0x100037f0                MXC_I2C_GetFrequency
 .text.MXC_I2C_ClearRXFIFO
                0x100037f4        0x4 C:/MaximSDK/Libraries/PeriphDrivers/bin/MAX78000/spi-v1_softfp/libPeriphDriver_spi-v1_softfp.a(i2c_me17.o)
                0x100037f4                MXC_I2C_ClearRXFIFO
 .text.MXC_I2C_ClearTXFIFO
                0x100037f8        0x4 C:/MaximSDK/Libraries/PeriphDrivers/bin/MAX78000/spi-v1_softfp/libPeriphDriver_spi-v1_softfp.a(i2c_me17.o)
                0x100037f8                MXC_I2C_ClearTXFIFO
 .text.MXC_I2C_Recover
                0x100037fc        0x4 C:/MaximSDK/Libraries/PeriphDrivers/bin/MAX78000/spi-v1_softfp/libPeriphDriver_spi-v1_softfp.a(i2c_me17.o)
                0x100037fc                MXC_I2C_Recover
 .text.MXC_I2C_SetRXThreshold
                0x10003800        0x4 C:/MaximSDK/Libraries/PeriphDrivers/bin/MAX78000/spi-v1_softfp/libPeriphDriver_spi-v1_softfp.a(i2c_me17.o)
                0x10003800                MXC_I2C_SetRXThreshold
 .text.MXC_I2C_SetTXThreshold
                0x10003804        0x4 C:/MaximSDK/Libraries/PeriphDrivers/bin/MAX78000/spi-v1_softfp/libPeriphDriver_spi-v1_softfp.a(i2c_me17.o)
                0x10003804                MXC_I2C_SetTXThreshold
 .text.MXC_I2C_RevA_Init
                0x10003808      0x104 C:/MaximSDK/Libraries/PeriphDrivers/bin/MAX78000/spi-v1_softfp/libPeriphDriver_spi-v1_softfp.a(i2c_reva.o)
                0x10003808                MXC_I2C_RevA_Init
 .text.MXC_I2C_RevA_SetSlaveAddr
                0x1000390c       0x3c C:/MaximSDK/Libraries/PeriphDrivers/bin/MAX78000/spi-v1_softfp/libPeriphDriver_spi-v1_softfp.a(i2c_reva.o)
                0x1000390c                MXC_I2C_RevA_SetSlaveAddr
 .text.MXC_I2C_RevA_Shutdown
                0x10003948       0xac C:/MaximSDK/Libraries/PeriphDrivers/bin/MAX78000/spi-v1_softfp/libPeriphDriver_spi-v1_softfp.a(i2c_reva.o)
                0x10003948                MXC_I2C_RevA_Shutdown
 .text.MXC_I2C_RevA_SetFrequency
                0x100039f4       0xc0 C:/MaximSDK/Libraries/PeriphDrivers/bin/MAX78000/spi-v1_softfp/libPeriphDriver_spi-v1_softfp.a(i2c_reva.o)
                0x100039f4                MXC_I2C_RevA_SetFrequency
 .text.MXC_I2C_RevA_GetFrequency
                0x10003ab4       0x38 C:/MaximSDK/Libraries/PeriphDrivers/bin/MAX78000/spi-v1_softfp/libPeriphDriver_spi-v1_softfp.a(i2c_reva.o)
                0x10003ab4                MXC_I2C_RevA_GetFrequency
 .text.MXC_I2C_RevA_ClearRXFIFO
                0x10003aec       0x10 C:/MaximSDK/Libraries/PeriphDrivers/bin/MAX78000/spi-v1_softfp/libPeriphDriver_spi-v1_softfp.a(i2c_reva.o)
                0x10003aec                MXC_I2C_RevA_ClearRXFIFO
 .text.MXC_I2C_RevA_ClearTXFIFO
                0x10003afc       0x10 C:/MaximSDK/Libraries/PeriphDrivers/bin/MAX78000/spi-v1_softfp/libPeriphDriver_spi-v1_softfp.a(i2c_reva.o)
                0x10003afc                MXC_I2C_RevA_ClearTXFIFO
 .text.MXC_I2C_RevA_Recover
                0x10003b0c       0xd8 C:/MaximSDK/Libraries/PeriphDrivers/bin/MAX78000/spi-v1_softfp/libPeriphDriver_spi-v1_softfp.a(i2c_reva.o)
                0x10003b0c                MXC_I2C_RevA_Recover
 .text.MXC_I2C_RevA_SetRXThreshold
                0x10003be4       0x20 C:/MaximSDK/Libraries/PeriphDrivers/bin/MAX78000/spi-v1_softfp/libPeriphDriver_spi-v1_softfp.a(i2c_reva.o)
                0x10003be4                MXC_I2C_RevA_SetRXThreshold
 .text.MXC_I2C_RevA_SetTXThreshold
                0x10003c04       0x24 C:/MaximSDK/Libraries/PeriphDrivers/bin/MAX78000/spi-v1_softfp/libPeriphDriver_spi-v1_softfp.a(i2c_reva.o)
                0x10003c04                MXC_I2C_RevA_SetTXThreshold
 .text.MXC_ICC_Enable
                0x10003c28        0x4 C:/MaximSDK/Libraries/PeriphDrivers/bin/MAX78000/spi-v1_softfp/libPeriphDriver_spi-v1_softfp.a(icc_me17.o)
                0x10003c28                MXC_ICC_Enable
 .text.MXC_ICC_RevA_Enable
                0x10003c2c       0x30 C:/MaximSDK/Libraries/PeriphDrivers/bin/MAX78000/spi-v1_softfp/libPeriphDriver_spi-v1_softfp.a(icc_reva.o)
                0x10003c2c                MXC_ICC_RevA_Enable
 .text.MXC_PT_Init
                0x10003c5c      0x128 C:/MaximSDK/Libraries/PeriphDrivers/bin/MAX78000/spi-v1_softfp/libPeriphDriver_spi-v1_softfp.a(pt_ai85.o)
                0x10003c5c                MXC_PT_Init
 .text.MXC_PT_Config
                0x10003d84       0x5c C:/MaximSDK/Libraries/PeriphDrivers/bin/MAX78000/spi-v1_softfp/libPeriphDriver_spi-v1_softfp.a(pt_ai85.o)
                0x10003d84                MXC_PT_Config
 .text.MXC_PT_SqrWaveConfig
                0x10003de0       0x20 C:/MaximSDK/Libraries/PeriphDrivers/bin/MAX78000/spi-v1_softfp/libPeriphDriver_spi-v1_softfp.a(pt_ai85.o)
                0x10003de0                MXC_PT_SqrWaveConfig
 .text.MXC_PT_Start
                0x10003e00        0xc C:/MaximSDK/Libraries/PeriphDrivers/bin/MAX78000/spi-v1_softfp/libPeriphDriver_spi-v1_softfp.a(pt_ai85.o)
                0x10003e00                MXC_PT_Start
 .text.MXC_PT_IsActive
                0x10003e0c        0xc C:/MaximSDK/Libraries/PeriphDrivers/bin/MAX78000/spi-v1_softfp/libPeriphDriver_spi-v1_softfp.a(pt_ai85.o)
                0x10003e0c                MXC_PT_IsActive
 .text.MXC_PT_RevA_Init
                0x10003e18       0x10 C:/MaximSDK/Libraries/PeriphDrivers/bin/MAX78000/spi-v1_softfp/libPeriphDriver_spi-v1_softfp.a(pt_reva.o)
                0x10003e18                MXC_PT_RevA_Init
 .text.MXC_PT_RevA_Config
                0x10003e28       0xc4 C:/MaximSDK/Libraries/PeriphDrivers/bin/MAX78000/spi-v1_softfp/libPeriphDriver_spi-v1_softfp.a(pt_reva.o)
                0x10003e28                MXC_PT_RevA_Config
 .text.MXC_PT_RevA_SqrWaveConfig
                0x10003eec       0x18 C:/MaximSDK/Libraries/PeriphDrivers/bin/MAX78000/spi-v1_softfp/libPeriphDriver_spi-v1_softfp.a(pt_reva.o)
                0x10003eec                MXC_PT_RevA_SqrWaveConfig
 .text.MXC_PT_RevA_Start
                0x10003f04       0x10 C:/MaximSDK/Libraries/PeriphDrivers/bin/MAX78000/spi-v1_softfp/libPeriphDriver_spi-v1_softfp.a(pt_reva.o)
                0x10003f04                MXC_PT_RevA_Start
 .text.MXC_PT_RevA_IsActive
                0x10003f14        0xc C:/MaximSDK/Libraries/PeriphDrivers/bin/MAX78000/spi-v1_softfp/libPeriphDriver_spi-v1_softfp.a(pt_reva.o)
                0x10003f14                MXC_PT_RevA_IsActive
 .text.MXC_UART_Shutdown
                0x10003f20       0x70 C:/MaximSDK/Libraries/PeriphDrivers/bin/MAX78000/spi-v1_softfp/libPeriphDriver_spi-v1_softfp.a(uart_ai85.o)
                0x10003f20                MXC_UART_Shutdown
 .text.MXC_UART_SetFrequency
                0x10003f90       0x90 C:/MaximSDK/Libraries/PeriphDrivers/bin/MAX78000/spi-v1_softfp/libPeriphDriver_spi-v1_softfp.a(uart_ai85.o)
                0x10003f90                MXC_UART_SetFrequency
 .text.MXC_UART_SetDataSize
                0x10004020        0x4 C:/MaximSDK/Libraries/PeriphDrivers/bin/MAX78000/spi-v1_softfp/libPeriphDriver_spi-v1_softfp.a(uart_ai85.o)
                0x10004020                MXC_UART_SetDataSize
 .text.MXC_UART_SetStopBits
                0x10004024        0x4 C:/MaximSDK/Libraries/PeriphDrivers/bin/MAX78000/spi-v1_softfp/libPeriphDriver_spi-v1_softfp.a(uart_ai85.o)
                0x10004024                MXC_UART_SetStopBits
 .text.MXC_UART_SetParity
                0x10004028        0x4 C:/MaximSDK/Libraries/PeriphDrivers/bin/MAX78000/spi-v1_softfp/libPeriphDriver_spi-v1_softfp.a(uart_ai85.o)
                0x10004028                MXC_UART_SetParity
 .text.MXC_UART_SetClockSource
                0x1000402c       0x60 C:/MaximSDK/Libraries/PeriphDrivers/bin/MAX78000/spi-v1_softfp/libPeriphDriver_spi-v1_softfp.a(uart_ai85.o)
                0x1000402c                MXC_UART_SetClockSource
 .text.MXC_UART_GetClockSource
                0x1000408c       0x4c C:/MaximSDK/Libraries/PeriphDrivers/bin/MAX78000/spi-v1_softfp/libPeriphDriver_spi-v1_softfp.a(uart_ai85.o)
                0x1000408c                MXC_UART_GetClockSource
 .text.MXC_UART_Init
                0x100040d8       0xa0 C:/MaximSDK/Libraries/PeriphDrivers/bin/MAX78000/spi-v1_softfp/libPeriphDriver_spi-v1_softfp.a(uart_ai85.o)
                0x100040d8                MXC_UART_Init
 .text.MXC_UART_ReadCharacterRaw
                0x10004178        0x4 C:/MaximSDK/Libraries/PeriphDrivers/bin/MAX78000/spi-v1_softfp/libPeriphDriver_spi-v1_softfp.a(uart_ai85.o)
                0x10004178                MXC_UART_ReadCharacterRaw
 .text.MXC_UART_WriteCharacterRaw
                0x1000417c        0x4 C:/MaximSDK/Libraries/PeriphDrivers/bin/MAX78000/spi-v1_softfp/libPeriphDriver_spi-v1_softfp.a(uart_ai85.o)
                0x1000417c                MXC_UART_WriteCharacterRaw
 .text.MXC_UART_ReadCharacter
                0x10004180        0x4 C:/MaximSDK/Libraries/PeriphDrivers/bin/MAX78000/spi-v1_softfp/libPeriphDriver_spi-v1_softfp.a(uart_ai85.o)
                0x10004180                MXC_UART_ReadCharacter
 .text.MXC_UART_WriteCharacter
                0x10004184        0x4 C:/MaximSDK/Libraries/PeriphDrivers/bin/MAX78000/spi-v1_softfp/libPeriphDriver_spi-v1_softfp.a(uart_ai85.o)
                0x10004184                MXC_UART_WriteCharacter
 .text.MXC_UART_GetRXFIFOAvailable
                0x10004188        0x4 C:/MaximSDK/Libraries/PeriphDrivers/bin/MAX78000/spi-v1_softfp/libPeriphDriver_spi-v1_softfp.a(uart_ai85.o)
                0x10004188                MXC_UART_GetRXFIFOAvailable
 .text.MXC_UART_GetTXFIFOAvailable
                0x1000418c        0x4 C:/MaximSDK/Libraries/PeriphDrivers/bin/MAX78000/spi-v1_softfp/libPeriphDriver_spi-v1_softfp.a(uart_ai85.o)
                0x1000418c                MXC_UART_GetTXFIFOAvailable
 .text.MXC_UART_SetRXThreshold
                0x10004190        0x4 C:/MaximSDK/Libraries/PeriphDrivers/bin/MAX78000/spi-v1_softfp/libPeriphDriver_spi-v1_softfp.a(uart_ai85.o)
                0x10004190                MXC_UART_SetRXThreshold
 .text.MXC_UART_Common_ReadCharacter
                0x10004194       0x18 C:/MaximSDK/Libraries/PeriphDrivers/bin/MAX78000/spi-v1_softfp/libPeriphDriver_spi-v1_softfp.a(uart_common.o)
                0x10004194                MXC_UART_Common_ReadCharacter
 .text.MXC_UART_Common_WriteCharacter
                0x100041ac       0x1c C:/MaximSDK/Libraries/PeriphDrivers/bin/MAX78000/spi-v1_softfp/libPeriphDriver_spi-v1_softfp.a(uart_common.o)
                0x100041ac                MXC_UART_Common_WriteCharacter
 .text.MXC_UART_RevB_Init
                0x100041c8       0xe0 C:/MaximSDK/Libraries/PeriphDrivers/bin/MAX78000/spi-v1_softfp/libPeriphDriver_spi-v1_softfp.a(uart_revb.o)
                0x100041c8                MXC_UART_RevB_Init
 .text.MXC_UART_RevB_SetFrequency
                0x100042a8       0x1c C:/MaximSDK/Libraries/PeriphDrivers/bin/MAX78000/spi-v1_softfp/libPeriphDriver_spi-v1_softfp.a(uart_revb.o)
                0x100042a8                MXC_UART_RevB_SetFrequency
 .text.MXC_UART_RevB_SetDataSize
                0x100042c4       0x20 C:/MaximSDK/Libraries/PeriphDrivers/bin/MAX78000/spi-v1_softfp/libPeriphDriver_spi-v1_softfp.a(uart_revb.o)
                0x100042c4                MXC_UART_RevB_SetDataSize
 .text.MXC_UART_RevB_SetStopBits
                0x100042e4       0x28 C:/MaximSDK/Libraries/PeriphDrivers/bin/MAX78000/spi-v1_softfp/libPeriphDriver_spi-v1_softfp.a(uart_revb.o)
                0x100042e4                MXC_UART_RevB_SetStopBits
 .text.MXC_UART_RevB_SetParity
                0x1000430c       0x94 C:/MaximSDK/Libraries/PeriphDrivers/bin/MAX78000/spi-v1_softfp/libPeriphDriver_spi-v1_softfp.a(uart_revb.o)
                0x1000430c                MXC_UART_RevB_SetParity
 .text.MXC_UART_RevB_SetClockSource
                0x100043a0       0xa8 C:/MaximSDK/Libraries/PeriphDrivers/bin/MAX78000/spi-v1_softfp/libPeriphDriver_spi-v1_softfp.a(uart_revb.o)
                0x100043a0                MXC_UART_RevB_SetClockSource
 .text.MXC_UART_RevB_GetClockSource
                0x10004448        0x8 C:/MaximSDK/Libraries/PeriphDrivers/bin/MAX78000/spi-v1_softfp/libPeriphDriver_spi-v1_softfp.a(uart_revb.o)
                0x10004448                MXC_UART_RevB_GetClockSource
 .text.MXC_UART_RevB_ReadCharacterRaw
                0x10004450       0x10 C:/MaximSDK/Libraries/PeriphDrivers/bin/MAX78000/spi-v1_softfp/libPeriphDriver_spi-v1_softfp.a(uart_revb.o)
                0x10004450                MXC_UART_RevB_ReadCharacterRaw
 .text.MXC_UART_RevB_WriteCharacterRaw
                0x10004460       0x14 C:/MaximSDK/Libraries/PeriphDrivers/bin/MAX78000/spi-v1_softfp/libPeriphDriver_spi-v1_softfp.a(uart_revb.o)
                0x10004460                MXC_UART_RevB_WriteCharacterRaw
 .text.MXC_UART_RevB_GetRXFIFOAvailable
                0x10004474        0x8 C:/MaximSDK/Libraries/PeriphDrivers/bin/MAX78000/spi-v1_softfp/libPeriphDriver_spi-v1_softfp.a(uart_revb.o)
                0x10004474                MXC_UART_RevB_GetRXFIFOAvailable
 .text.MXC_UART_RevB_GetTXFIFOAvailable
                0x1000447c        0xc C:/MaximSDK/Libraries/PeriphDrivers/bin/MAX78000/spi-v1_softfp/libPeriphDriver_spi-v1_softfp.a(uart_revb.o)
                0x1000447c                MXC_UART_RevB_GetTXFIFOAvailable
 .text.MXC_UART_RevB_SetRXThreshold
                0x10004488       0x1c C:/MaximSDK/Libraries/PeriphDrivers/bin/MAX78000/spi-v1_softfp/libPeriphDriver_spi-v1_softfp.a(uart_revb.o)
                0x10004488                MXC_UART_RevB_SetRXThreshold
 .text.MXC_GetLock
                0x100044a4       0x1c C:/MaximSDK/Libraries/PeriphDrivers/bin/MAX78000/spi-v1_softfp/libPeriphDriver_spi-v1_softfp.a(mxc_lock.o)
                0x100044a4                MXC_GetLock
 .text.MXC_FreeLock
                0x100044c0        0xc C:/MaximSDK/Libraries/PeriphDrivers/bin/MAX78000/spi-v1_softfp/libPeriphDriver_spi-v1_softfp.a(mxc_lock.o)
                0x100044c0                MXC_FreeLock
 .text.MXC_GPIO_Common_Init
                0x100044cc       0x24 C:/MaximSDK/Libraries/PeriphDrivers/bin/MAX78000/spi-v1_softfp/libPeriphDriver_spi-v1_softfp.a(gpio_common.o)
                0x100044cc                MXC_GPIO_Common_Init
 .text.MXC_GPIO_Common_Handler
                0x100044f0       0x88 C:/MaximSDK/Libraries/PeriphDrivers/bin/MAX78000/spi-v1_softfp/libPeriphDriver_spi-v1_softfp.a(gpio_common.o)
                0x100044f0                MXC_GPIO_Common_Handler
 .text.MXC_GPIO_Common_GetConfigLock
                0x10004578        0xc C:/MaximSDK/Libraries/PeriphDrivers/bin/MAX78000/spi-v1_softfp/libPeriphDriver_spi-v1_softfp.a(gpio_common.o)
                0x10004578                MXC_GPIO_Common_GetConfigLock
 .text.__errno  0x10004584        0xc c:/maximsdk/tools/gnutools/10.3/bin/../lib/gcc/arm-none-eabi/10.3.1/../../../../arm-none-eabi/lib/thumb/v7e-m+fp/softfp\libc.a(lib_a-errno.o)
                0x10004584                __errno
 .text.__libc_init_array
                0x10004590       0x48 c:/maximsdk/tools/gnutools/10.3/bin/../lib/gcc/arm-none-eabi/10.3.1/../../../../arm-none-eabi/lib/thumb/v7e-m+fp/softfp\libc.a(lib_a-init.o)
                0x10004590                __libc_init_array
 .text.malloc   0x100045d8       0x10 c:/maximsdk/tools/gnutools/10.3/bin/../lib/gcc/arm-none-eabi/10.3.1/../../../../arm-none-eabi/lib/thumb/v7e-m+fp/softfp\libc.a(lib_a-malloc.o)
                0x100045d8                malloc
 .text.free     0x100045e8       0x10 c:/maximsdk/tools/gnutools/10.3/bin/../lib/gcc/arm-none-eabi/10.3.1/../../../../arm-none-eabi/lib/thumb/v7e-m+fp/softfp\libc.a(lib_a-malloc.o)
                0x100045e8                free
 .text._malloc_r
                0x100045f8      0x560 c:/maximsdk/tools/gnutools/10.3/bin/../lib/gcc/arm-none-eabi/10.3.1/../../../../arm-none-eabi/lib/thumb/v7e-m+fp/softfp\libc.a(lib_a-mallocr.o)
                0x100045f8                _malloc_r
 .text          0x10004b58      0x134 c:/maximsdk/tools/gnutools/10.3/bin/../lib/gcc/arm-none-eabi/10.3.1/../../../../arm-none-eabi/lib/thumb/v7e-m+fp/softfp\libc.a(lib_a-memcpy.o)
                0x10004b58                memcpy
 .text.memset   0x10004c8c       0xa4 c:/maximsdk/tools/gnutools/10.3/bin/../lib/gcc/arm-none-eabi/10.3.1/../../../../arm-none-eabi/lib/thumb/v7e-m+fp/softfp\libc.a(lib_a-memset.o)
                0x10004c8c                memset
 .text.__malloc_lock
                0x10004d30        0xc c:/maximsdk/tools/gnutools/10.3/bin/../lib/gcc/arm-none-eabi/10.3.1/../../../../arm-none-eabi/lib/thumb/v7e-m+fp/softfp\libc.a(lib_a-mlock.o)
                0x10004d30                __malloc_lock
 .text.__malloc_unlock
                0x10004d3c        0xc c:/maximsdk/tools/gnutools/10.3/bin/../lib/gcc/arm-none-eabi/10.3.1/../../../../arm-none-eabi/lib/thumb/v7e-m+fp/softfp\libc.a(lib_a-mlock.o)
                0x10004d3c                __malloc_unlock
 .text.printf   0x10004d48       0x28 c:/maximsdk/tools/gnutools/10.3/bin/../lib/gcc/arm-none-eabi/10.3.1/../../../../arm-none-eabi/lib/thumb/v7e-m+fp/softfp\libc.a(lib_a-printf.o)
                0x10004d48                printf
 .text.putchar  0x10004d70       0x10 c:/maximsdk/tools/gnutools/10.3/bin/../lib/gcc/arm-none-eabi/10.3.1/../../../../arm-none-eabi/lib/thumb/v7e-m+fp/softfp\libc.a(lib_a-putchar.o)
                0x10004d70                putchar
 .text._puts_r  0x10004d80       0x9c c:/maximsdk/tools/gnutools/10.3/bin/../lib/gcc/arm-none-eabi/10.3.1/../../../../arm-none-eabi/lib/thumb/v7e-m+fp/softfp\libc.a(lib_a-puts.o)
                0x10004d80                _puts_r
 .text.puts     0x10004e1c       0x10 c:/maximsdk/tools/gnutools/10.3/bin/../lib/gcc/arm-none-eabi/10.3.1/../../../../arm-none-eabi/lib/thumb/v7e-m+fp/softfp\libc.a(lib_a-puts.o)
                0x10004e1c                puts
 .text._sbrk_r  0x10004e2c       0x24 c:/maximsdk/tools/gnutools/10.3/bin/../lib/gcc/arm-none-eabi/10.3.1/../../../../arm-none-eabi/lib/thumb/v7e-m+fp/softfp\libc.a(lib_a-sbrkr.o)
                0x10004e2c                _sbrk_r
 .text.snprintf
                0x10004e50       0x88 c:/maximsdk/tools/gnutools/10.3/bin/../lib/gcc/arm-none-eabi/10.3.1/../../../../arm-none-eabi/lib/thumb/v7e-m+fp/softfp\libc.a(lib_a-snprintf.o)
                0x10004e50                snprintf
 *fill*         0x10004ed8       0x28 
 .text          0x10004f00       0xdc c:/maximsdk/tools/gnutools/10.3/bin/../lib/gcc/arm-none-eabi/10.3.1/../../../../arm-none-eabi/lib/thumb/v7e-m+fp/softfp\libc.a(lib_a-strlen.o)
                0x10004f00                strlen
 *fill*         0x10004fdc        0x4 
 .text._svfprintf_r
                0x10004fe0     0x1ac8 c:/maximsdk/tools/gnutools/10.3/bin/../lib/gcc/arm-none-eabi/10.3.1/../../../../arm-none-eabi/lib/thumb/v7e-m+fp/softfp\libc.a(lib_a-svfprintf.o)
                0x10004fe0                _svfprintf_r
 .text._vfprintf_r
                0x10006aa8     0x1b8c c:/maximsdk/tools/gnutools/10.3/bin/../lib/gcc/arm-none-eabi/10.3.1/../../../../arm-none-eabi/lib/thumb/v7e-m+fp/softfp\libc.a(lib_a-vfprintf.o)
                0x10006aa8                _vfprintf_r
 .text.__sbprintf
                0x10008634       0x80 c:/maximsdk/tools/gnutools/10.3/bin/../lib/gcc/arm-none-eabi/10.3.1/../../../../arm-none-eabi/lib/thumb/v7e-m+fp/softfp\libc.a(lib_a-vfprintf.o)
 .text.__swsetup_r
                0x100086b4       0xd4 c:/maximsdk/tools/gnutools/10.3/bin/../lib/gcc/arm-none-eabi/10.3.1/../../../../arm-none-eabi/lib/thumb/v7e-m+fp/softfp\libc.a(lib_a-wsetup.o)
                0x100086b4                __swsetup_r
 .text.startup.register_fini
                0x10008788       0x14 c:/maximsdk/tools/gnutools/10.3/bin/../lib/gcc/arm-none-eabi/10.3.1/../../../../arm-none-eabi/lib/thumb/v7e-m+fp/softfp\libc.a(lib_a-__call_atexit.o)
 .text.atexit   0x1000879c        0xc c:/maximsdk/tools/gnutools/10.3/bin/../lib/gcc/arm-none-eabi/10.3.1/../../../../arm-none-eabi/lib/thumb/v7e-m+fp/softfp\libc.a(lib_a-atexit.o)
                0x1000879c                atexit
 .text.quorem   0x100087a8      0x128 c:/maximsdk/tools/gnutools/10.3/bin/../lib/gcc/arm-none-eabi/10.3.1/../../../../arm-none-eabi/lib/thumb/v7e-m+fp/softfp\libc.a(lib_a-dtoa.o)
 .text._dtoa_r  0x100088d0      0xf34 c:/maximsdk/tools/gnutools/10.3/bin/../lib/gcc/arm-none-eabi/10.3.1/../../../../arm-none-eabi/lib/thumb/v7e-m+fp/softfp\libc.a(lib_a-dtoa.o)
                0x100088d0                _dtoa_r
 .text.__sflush_r
                0x10009804      0x130 c:/maximsdk/tools/gnutools/10.3/bin/../lib/gcc/arm-none-eabi/10.3.1/../../../../arm-none-eabi/lib/thumb/v7e-m+fp/softfp\libc.a(lib_a-fflush.o)
                0x10009804                __sflush_r
 .text._fflush_r
                0x10009934       0x5c c:/maximsdk/tools/gnutools/10.3/bin/../lib/gcc/arm-none-eabi/10.3.1/../../../../arm-none-eabi/lib/thumb/v7e-m+fp/softfp\libc.a(lib_a-fflush.o)
                0x10009934                _fflush_r
 .text._cleanup_r
                0x10009990        0xc c:/maximsdk/tools/gnutools/10.3/bin/../lib/gcc/arm-none-eabi/10.3.1/../../../../arm-none-eabi/lib/thumb/v7e-m+fp/softfp\libc.a(lib_a-findfp.o)
                0x10009990                _cleanup_r
 .text.__sinit  0x1000999c      0x10c c:/maximsdk/tools/gnutools/10.3/bin/../lib/gcc/arm-none-eabi/10.3.1/../../../../arm-none-eabi/lib/thumb/v7e-m+fp/softfp\libc.a(lib_a-findfp.o)
                0x1000999c                __sinit
 .text.__sfp_lock_acquire
                0x10009aa8        0xc c:/maximsdk/tools/gnutools/10.3/bin/../lib/gcc/arm-none-eabi/10.3.1/../../../../arm-none-eabi/lib/thumb/v7e-m+fp/softfp\libc.a(lib_a-findfp.o)
                0x10009aa8                __sfp_lock_acquire
 .text.__sfp_lock_release
                0x10009ab4        0xc c:/maximsdk/tools/gnutools/10.3/bin/../lib/gcc/arm-none-eabi/10.3.1/../../../../arm-none-eabi/lib/thumb/v7e-m+fp/softfp\libc.a(lib_a-findfp.o)
                0x10009ab4                __sfp_lock_release
 .text.__libc_fini_array
                0x10009ac0       0x2c c:/maximsdk/tools/gnutools/10.3/bin/../lib/gcc/arm-none-eabi/10.3.1/../../../../arm-none-eabi/lib/thumb/v7e-m+fp/softfp\libc.a(lib_a-fini.o)
                0x10009ac0                __libc_fini_array
 .text._malloc_trim_r
                0x10009aec       0xa0 c:/maximsdk/tools/gnutools/10.3/bin/../lib/gcc/arm-none-eabi/10.3.1/../../../../arm-none-eabi/lib/thumb/v7e-m+fp/softfp\libc.a(lib_a-freer.o)
                0x10009aec                _malloc_trim_r
 .text._free_r  0x10009b8c      0x20c c:/maximsdk/tools/gnutools/10.3/bin/../lib/gcc/arm-none-eabi/10.3.1/../../../../arm-none-eabi/lib/thumb/v7e-m+fp/softfp\libc.a(lib_a-freer.o)
                0x10009b8c                _free_r
 .text.__sfvwrite_r
                0x10009d98      0x2f0 c:/maximsdk/tools/gnutools/10.3/bin/../lib/gcc/arm-none-eabi/10.3.1/../../../../arm-none-eabi/lib/thumb/v7e-m+fp/softfp\libc.a(lib_a-fvwrite.o)
                0x10009d98                __sfvwrite_r
 .text._fwalk_reent
                0x1000a088       0x48 c:/maximsdk/tools/gnutools/10.3/bin/../lib/gcc/arm-none-eabi/10.3.1/../../../../arm-none-eabi/lib/thumb/v7e-m+fp/softfp\libc.a(lib_a-fwalk.o)
                0x1000a088                _fwalk_reent
 .text._localeconv_r
                0x1000a0d0        0x8 c:/maximsdk/tools/gnutools/10.3/bin/../lib/gcc/arm-none-eabi/10.3.1/../../../../arm-none-eabi/lib/thumb/v7e-m+fp/softfp\libc.a(lib_a-localeconv.o)
                0x1000a0d0                _localeconv_r
 .text.__retarget_lock_init_recursive
                0x1000a0d8        0x4 c:/maximsdk/tools/gnutools/10.3/bin/../lib/gcc/arm-none-eabi/10.3.1/../../../../arm-none-eabi/lib/thumb/v7e-m+fp/softfp\libc.a(lib_a-lock.o)
                0x1000a0d8                __retarget_lock_init_recursive
 .text.__retarget_lock_close_recursive
                0x1000a0dc        0x4 c:/maximsdk/tools/gnutools/10.3/bin/../lib/gcc/arm-none-eabi/10.3.1/../../../../arm-none-eabi/lib/thumb/v7e-m+fp/softfp\libc.a(lib_a-lock.o)
                0x1000a0dc                __retarget_lock_close_recursive
 .text.__retarget_lock_acquire_recursive
                0x1000a0e0        0x4 c:/maximsdk/tools/gnutools/10.3/bin/../lib/gcc/arm-none-eabi/10.3.1/../../../../arm-none-eabi/lib/thumb/v7e-m+fp/softfp\libc.a(lib_a-lock.o)
                0x1000a0e0                __retarget_lock_acquire_recursive
 .text.__retarget_lock_release_recursive
                0x1000a0e4        0x4 c:/maximsdk/tools/gnutools/10.3/bin/../lib/gcc/arm-none-eabi/10.3.1/../../../../arm-none-eabi/lib/thumb/v7e-m+fp/softfp\libc.a(lib_a-lock.o)
                0x1000a0e4                __retarget_lock_release_recursive
 .text.__smakebuf_r
                0x1000a0e8       0xe0 c:/maximsdk/tools/gnutools/10.3/bin/../lib/gcc/arm-none-eabi/10.3.1/../../../../arm-none-eabi/lib/thumb/v7e-m+fp/softfp\libc.a(lib_a-makebuf.o)
                0x1000a0e8                __smakebuf_r
 *fill*         0x1000a1c8        0x8 
 .text          0x1000a1d0       0xa0 c:/maximsdk/tools/gnutools/10.3/bin/../lib/gcc/arm-none-eabi/10.3.1/../../../../arm-none-eabi/lib/thumb/v7e-m+fp/softfp\libc.a(lib_a-memchr.o)
                0x1000a1d0                memchr
 .text.memmove  0x1000a270       0xf8 c:/maximsdk/tools/gnutools/10.3/bin/../lib/gcc/arm-none-eabi/10.3.1/../../../../arm-none-eabi/lib/thumb/v7e-m+fp/softfp\libc.a(lib_a-memmove.o)
                0x1000a270                memmove
 .text._Balloc  0x1000a368       0x4c c:/maximsdk/tools/gnutools/10.3/bin/../lib/gcc/arm-none-eabi/10.3.1/../../../../arm-none-eabi/lib/thumb/v7e-m+fp/softfp\libc.a(lib_a-mprec.o)
                0x1000a368                _Balloc
 .text._Bfree   0x1000a3b4       0x14 c:/maximsdk/tools/gnutools/10.3/bin/../lib/gcc/arm-none-eabi/10.3.1/../../../../arm-none-eabi/lib/thumb/v7e-m+fp/softfp\libc.a(lib_a-mprec.o)
                0x1000a3b4                _Bfree
 .text.__multadd
                0x1000a3c8       0xa8 c:/maximsdk/tools/gnutools/10.3/bin/../lib/gcc/arm-none-eabi/10.3.1/../../../../arm-none-eabi/lib/thumb/v7e-m+fp/softfp\libc.a(lib_a-mprec.o)
                0x1000a3c8                __multadd
 .text.__hi0bits
                0x1000a470       0x40 c:/maximsdk/tools/gnutools/10.3/bin/../lib/gcc/arm-none-eabi/10.3.1/../../../../arm-none-eabi/lib/thumb/v7e-m+fp/softfp\libc.a(lib_a-mprec.o)
                0x1000a470                __hi0bits
 .text.__lo0bits
                0x1000a4b0       0x60 c:/maximsdk/tools/gnutools/10.3/bin/../lib/gcc/arm-none-eabi/10.3.1/../../../../arm-none-eabi/lib/thumb/v7e-m+fp/softfp\libc.a(lib_a-mprec.o)
                0x1000a4b0                __lo0bits
 .text.__i2b    0x1000a510       0x5c c:/maximsdk/tools/gnutools/10.3/bin/../lib/gcc/arm-none-eabi/10.3.1/../../../../arm-none-eabi/lib/thumb/v7e-m+fp/softfp\libc.a(lib_a-mprec.o)
                0x1000a510                __i2b
 .text.__multiply
                0x1000a56c      0x15c c:/maximsdk/tools/gnutools/10.3/bin/../lib/gcc/arm-none-eabi/10.3.1/../../../../arm-none-eabi/lib/thumb/v7e-m+fp/softfp\libc.a(lib_a-mprec.o)
                0x1000a56c                __multiply
 .text.__pow5mult
                0x1000a6c8       0xc0 c:/maximsdk/tools/gnutools/10.3/bin/../lib/gcc/arm-none-eabi/10.3.1/../../../../arm-none-eabi/lib/thumb/v7e-m+fp/softfp\libc.a(lib_a-mprec.o)
                0x1000a6c8                __pow5mult
 .text.__lshift
                0x1000a788       0xf0 c:/maximsdk/tools/gnutools/10.3/bin/../lib/gcc/arm-none-eabi/10.3.1/../../../../arm-none-eabi/lib/thumb/v7e-m+fp/softfp\libc.a(lib_a-mprec.o)
                0x1000a788                __lshift
 .text.__mcmp   0x1000a878       0x44 c:/maximsdk/tools/gnutools/10.3/bin/../lib/gcc/arm-none-eabi/10.3.1/../../../../arm-none-eabi/lib/thumb/v7e-m+fp/softfp\libc.a(lib_a-mprec.o)
                0x1000a878                __mcmp
 .text.__mdiff  0x1000a8bc      0x14c c:/maximsdk/tools/gnutools/10.3/bin/../lib/gcc/arm-none-eabi/10.3.1/../../../../arm-none-eabi/lib/thumb/v7e-m+fp/softfp\libc.a(lib_a-mprec.o)
                0x1000a8bc                __mdiff
 .text.__d2b    0x1000aa08       0xc4 c:/maximsdk/tools/gnutools/10.3/bin/../lib/gcc/arm-none-eabi/10.3.1/../../../../arm-none-eabi/lib/thumb/v7e-m+fp/softfp\libc.a(lib_a-mprec.o)
                0x1000aa08                __d2b
 .text._putc_r  0x1000aacc       0x74 c:/maximsdk/tools/gnutools/10.3/bin/../lib/gcc/arm-none-eabi/10.3.1/../../../../arm-none-eabi/lib/thumb/v7e-m+fp/softfp\libc.a(lib_a-putc.o)
                0x1000aacc                _putc_r
 .text._realloc_r
                0x1000ab40      0x3d8 c:/maximsdk/tools/gnutools/10.3/bin/../lib/gcc/arm-none-eabi/10.3.1/../../../../arm-none-eabi/lib/thumb/v7e-m+fp/softfp\libc.a(lib_a-reallocr.o)
                0x1000ab40                _realloc_r
 .text.frexp    0x1000af18       0x70 c:/maximsdk/tools/gnutools/10.3/bin/../lib/gcc/arm-none-eabi/10.3.1/../../../../arm-none-eabi/lib/thumb/v7e-m+fp/softfp\libc.a(lib_a-s_frexp.o)
                0x1000af18                frexp
 .text.__sread  0x1000af88       0x24 c:/maximsdk/tools/gnutools/10.3/bin/../lib/gcc/arm-none-eabi/10.3.1/../../../../arm-none-eabi/lib/thumb/v7e-m+fp/softfp\libc.a(lib_a-stdio.o)
                0x1000af88                __sread
 .text.__swrite
                0x1000afac       0x40 c:/maximsdk/tools/gnutools/10.3/bin/../lib/gcc/arm-none-eabi/10.3.1/../../../../arm-none-eabi/lib/thumb/v7e-m+fp/softfp\libc.a(lib_a-stdio.o)
                0x1000afac                __swrite
 .text.__sseek  0x1000afec       0x20 c:/maximsdk/tools/gnutools/10.3/bin/../lib/gcc/arm-none-eabi/10.3.1/../../../../arm-none-eabi/lib/thumb/v7e-m+fp/softfp\libc.a(lib_a-stdio.o)
                0x1000afec                __sseek
 .text.__sclose
                0x1000b00c        0x8 c:/maximsdk/tools/gnutools/10.3/bin/../lib/gcc/arm-none-eabi/10.3.1/../../../../arm-none-eabi/lib/thumb/v7e-m+fp/softfp\libc.a(lib_a-stdio.o)
                0x1000b00c                __sclose
 .text.strncpy  0x1000b014       0x64 c:/maximsdk/tools/gnutools/10.3/bin/../lib/gcc/arm-none-eabi/10.3.1/../../../../arm-none-eabi/lib/thumb/v7e-m+fp/softfp\libc.a(lib_a-strncpy.o)
                0x1000b014                strncpy
 .text.__ssprint_r
                0x1000b078       0xf8 c:/maximsdk/tools/gnutools/10.3/bin/../lib/gcc/arm-none-eabi/10.3.1/../../../../arm-none-eabi/lib/thumb/v7e-m+fp/softfp\libc.a(lib_a-svfiprintf.o)
                0x1000b078                __ssprint_r
 .text.__sprint_r.part.0
                0x1000b170       0x78 c:/maximsdk/tools/gnutools/10.3/bin/../lib/gcc/arm-none-eabi/10.3.1/../../../../arm-none-eabi/lib/thumb/v7e-m+fp/softfp\libc.a(lib_a-vfiprintf.o)
 .text.__sprint_r
                0x1000b1e8       0x18 c:/maximsdk/tools/gnutools/10.3/bin/../lib/gcc/arm-none-eabi/10.3.1/../../../../arm-none-eabi/lib/thumb/v7e-m+fp/softfp\libc.a(lib_a-vfiprintf.o)
                0x1000b1e8                __sprint_r
 .text._vfiprintf_r
                0x1000b200      0xdfc c:/maximsdk/tools/gnutools/10.3/bin/../lib/gcc/arm-none-eabi/10.3.1/../../../../arm-none-eabi/lib/thumb/v7e-m+fp/softfp\libc.a(lib_a-vfiprintf.o)
                0x1000b200                _vfiprintf_r
 .text.__sbprintf
                0x1000bffc       0x80 c:/maximsdk/tools/gnutools/10.3/bin/../lib/gcc/arm-none-eabi/10.3.1/../../../../arm-none-eabi/lib/thumb/v7e-m+fp/softfp\libc.a(lib_a-vfiprintf.o)
 .text.__swbuf_r
                0x1000c07c       0xb0 c:/maximsdk/tools/gnutools/10.3/bin/../lib/gcc/arm-none-eabi/10.3.1/../../../../arm-none-eabi/lib/thumb/v7e-m+fp/softfp\libc.a(lib_a-wbuf.o)
                0x1000c07c                __swbuf_r
 .text._write_r
                0x1000c12c       0x2c c:/maximsdk/tools/gnutools/10.3/bin/../lib/gcc/arm-none-eabi/10.3.1/../../../../arm-none-eabi/lib/thumb/v7e-m+fp/softfp\libc.a(lib_a-writer.o)
                0x1000c12c                _write_r
 .text.__register_exitproc
                0x1000c158       0x8c c:/maximsdk/tools/gnutools/10.3/bin/../lib/gcc/arm-none-eabi/10.3.1/../../../../arm-none-eabi/lib/thumb/v7e-m+fp/softfp\libc.a(lib_a-__atexit.o)
                0x1000c158                __register_exitproc
 .text.__assert_func
                0x1000c1e4       0x40 c:/maximsdk/tools/gnutools/10.3/bin/../lib/gcc/arm-none-eabi/10.3.1/../../../../arm-none-eabi/lib/thumb/v7e-m+fp/softfp\libc.a(lib_a-assert.o)
                0x1000c1e4                __assert_func
 .text._calloc_r
                0x1000c224       0x78 c:/maximsdk/tools/gnutools/10.3/bin/../lib/gcc/arm-none-eabi/10.3.1/../../../../arm-none-eabi/lib/thumb/v7e-m+fp/softfp\libc.a(lib_a-callocr.o)
                0x1000c224                _calloc_r
 .text._close_r
                0x1000c29c       0x24 c:/maximsdk/tools/gnutools/10.3/bin/../lib/gcc/arm-none-eabi/10.3.1/../../../../arm-none-eabi/lib/thumb/v7e-m+fp/softfp\libc.a(lib_a-closer.o)
                0x1000c29c                _close_r
 .text._fclose_r
                0x1000c2c0       0xcc c:/maximsdk/tools/gnutools/10.3/bin/../lib/gcc/arm-none-eabi/10.3.1/../../../../arm-none-eabi/lib/thumb/v7e-m+fp/softfp\libc.a(lib_a-fclose.o)
                0x1000c2c0                _fclose_r
 .text.fiprintf
                0x1000c38c       0x28 c:/maximsdk/tools/gnutools/10.3/bin/../lib/gcc/arm-none-eabi/10.3.1/../../../../arm-none-eabi/lib/thumb/v7e-m+fp/softfp\libc.a(lib_a-fiprintf.o)
                0x1000c38c                fiprintf
 .text.__fputwc
                0x1000c3b4       0xa8 c:/maximsdk/tools/gnutools/10.3/bin/../lib/gcc/arm-none-eabi/10.3.1/../../../../arm-none-eabi/lib/thumb/v7e-m+fp/softfp\libc.a(lib_a-fputwc.o)
                0x1000c3b4                __fputwc
 .text._fputwc_r
                0x1000c45c       0x68 c:/maximsdk/tools/gnutools/10.3/bin/../lib/gcc/arm-none-eabi/10.3.1/../../../../arm-none-eabi/lib/thumb/v7e-m+fp/softfp\libc.a(lib_a-fputwc.o)
                0x1000c45c                _fputwc_r
 .text._fstat_r
                0x1000c4c4       0x2c c:/maximsdk/tools/gnutools/10.3/bin/../lib/gcc/arm-none-eabi/10.3.1/../../../../arm-none-eabi/lib/thumb/v7e-m+fp/softfp\libc.a(lib_a-fstatr.o)
                0x1000c4c4                _fstat_r
 .text._isatty_r
                0x1000c4f0       0x24 c:/maximsdk/tools/gnutools/10.3/bin/../lib/gcc/arm-none-eabi/10.3.1/../../../../arm-none-eabi/lib/thumb/v7e-m+fp/softfp\libc.a(lib_a-isattyr.o)
                0x1000c4f0                _isatty_r
 .text.__locale_mb_cur_max
                0x1000c514        0xc c:/maximsdk/tools/gnutools/10.3/bin/../lib/gcc/arm-none-eabi/10.3.1/../../../../arm-none-eabi/lib/thumb/v7e-m+fp/softfp\libc.a(lib_a-locale.o)
                0x1000c514                __locale_mb_cur_max
 .text._lseek_r
                0x1000c520       0x2c c:/maximsdk/tools/gnutools/10.3/bin/../lib/gcc/arm-none-eabi/10.3.1/../../../../arm-none-eabi/lib/thumb/v7e-m+fp/softfp\libc.a(lib_a-lseekr.o)
                0x1000c520                _lseek_r
 .text.__ascii_mbtowc
                0x1000c54c       0x2c c:/maximsdk/tools/gnutools/10.3/bin/../lib/gcc/arm-none-eabi/10.3.1/../../../../arm-none-eabi/lib/thumb/v7e-m+fp/softfp\libc.a(lib_a-mbtowc_r.o)
                0x1000c54c                __ascii_mbtowc
 .text._read_r  0x1000c578       0x2c c:/maximsdk/tools/gnutools/10.3/bin/../lib/gcc/arm-none-eabi/10.3.1/../../../../arm-none-eabi/lib/thumb/v7e-m+fp/softfp\libc.a(lib_a-readr.o)
                0x1000c578                _read_r
 .text._wcrtomb_r
                0x1000c5a4       0x3c c:/maximsdk/tools/gnutools/10.3/bin/../lib/gcc/arm-none-eabi/10.3.1/../../../../arm-none-eabi/lib/thumb/v7e-m+fp/softfp\libc.a(lib_a-wcrtomb.o)
                0x1000c5a4                _wcrtomb_r
 .text.__ascii_wctomb
                0x1000c5e0       0x1c c:/maximsdk/tools/gnutools/10.3/bin/../lib/gcc/arm-none-eabi/10.3.1/../../../../arm-none-eabi/lib/thumb/v7e-m+fp/softfp\libc.a(lib_a-wctomb_r.o)
                0x1000c5e0                __ascii_wctomb
 .text.abort    0x1000c5fc       0x10 c:/maximsdk/tools/gnutools/10.3/bin/../lib/gcc/arm-none-eabi/10.3.1/../../../../arm-none-eabi/lib/thumb/v7e-m+fp/softfp\libc.a(lib_a-abort.o)
                0x1000c5fc                abort
 .text.raise    0x1000c60c       0x5c c:/maximsdk/tools/gnutools/10.3/bin/../lib/gcc/arm-none-eabi/10.3.1/../../../../arm-none-eabi/lib/thumb/v7e-m+fp/softfp\libc.a(lib_a-signal.o)
                0x1000c60c                raise
 .text._kill_r  0x1000c668       0x2c c:/maximsdk/tools/gnutools/10.3/bin/../lib/gcc/arm-none-eabi/10.3.1/../../../../arm-none-eabi/lib/thumb/v7e-m+fp/softfp\libc.a(lib_a-signalr.o)
                0x1000c668                _kill_r
 .text._getpid_r
                0x1000c694        0x4 c:/maximsdk/tools/gnutools/10.3/bin/../lib/gcc/arm-none-eabi/10.3.1/../../../../arm-none-eabi/lib/thumb/v7e-m+fp/softfp\libc.a(lib_a-signalr.o)
                0x1000c694                _getpid_r
 .text._exit    0x1000c698        0x4 c:/maximsdk/tools/gnutools/10.3/bin/../lib/gcc/arm-none-eabi/10.3.1/../../../../arm-none-eabi/lib/thumb/v7e-m+fp/softfp\libnosys.a(_exit.o)
                0x1000c698                _exit
 .text          0x1000c69c      0x378 c:/maximsdk/tools/gnutools/10.3/bin/../lib/gcc/arm-none-eabi/10.3.1/thumb/v7e-m+fp/softfp\libgcc.a(_arm_addsubdf3.o)
                0x1000c69c                __aeabi_drsub
                0x1000c6a4                __aeabi_dsub
                0x1000c6a4                __subdf3
                0x1000c6a8                __aeabi_dadd
                0x1000c6a8                __adddf3
                0x1000c920                __floatunsidf
                0x1000c920                __aeabi_ui2d
                0x1000c940                __floatsidf
                0x1000c940                __aeabi_i2d
                0x1000c964                __aeabi_f2d
                0x1000c964                __extendsfdf2
                0x1000c9a8                __floatundidf
                0x1000c9a8                __aeabi_ul2d
                0x1000c9b8                __floatdidf
                0x1000c9b8                __aeabi_l2d
 .text          0x1000ca14      0x424 c:/maximsdk/tools/gnutools/10.3/bin/../lib/gcc/arm-none-eabi/10.3.1/thumb/v7e-m+fp/softfp\libgcc.a(_arm_muldivdf3.o)
                0x1000ca14                __aeabi_dmul
                0x1000ca14                __muldf3
                0x1000cc68                __divdf3
                0x1000cc68                __aeabi_ddiv
 .text          0x1000ce38      0x110 c:/maximsdk/tools/gnutools/10.3/bin/../lib/gcc/arm-none-eabi/10.3.1/thumb/v7e-m+fp/softfp\libgcc.a(_arm_cmpdf2.o)
                0x1000ce38                __gtdf2
                0x1000ce38                __gedf2
                0x1000ce40                __ltdf2
                0x1000ce40                __ledf2
                0x1000ce48                __nedf2
                0x1000ce48                __eqdf2
                0x1000ce48                __cmpdf2
                0x1000cec4                __aeabi_cdrcmple
                0x1000ced4                __aeabi_cdcmpeq
                0x1000ced4                __aeabi_cdcmple
                0x1000cee4                __aeabi_dcmpeq
                0x1000cef8                __aeabi_dcmplt
                0x1000cf0c                __aeabi_dcmple
                0x1000cf20                __aeabi_dcmpge
                0x1000cf34                __aeabi_dcmpgt
 .text          0x1000cf48       0x2c c:/maximsdk/tools/gnutools/10.3/bin/../lib/gcc/arm-none-eabi/10.3.1/thumb/v7e-m+fp/softfp\libgcc.a(_arm_unorddf2.o)
                0x1000cf48                __unorddf2
                0x1000cf48                __aeabi_dcmpun
 .text          0x1000cf74       0x50 c:/maximsdk/tools/gnutools/10.3/bin/../lib/gcc/arm-none-eabi/10.3.1/thumb/v7e-m+fp/softfp\libgcc.a(_arm_fixdfsi.o)
                0x1000cf74                __aeabi_d2iz
                0x1000cf74                __fixdfsi
 .text          0x1000cfc4       0xa0 c:/maximsdk/tools/gnutools/10.3/bin/../lib/gcc/arm-none-eabi/10.3.1/thumb/v7e-m+fp/softfp\libgcc.a(_aeabi_ldivmod.o)
                0x1000cfc4                __aeabi_ldivmod
 .text          0x1000d064       0x30 c:/maximsdk/tools/gnutools/10.3/bin/../lib/gcc/arm-none-eabi/10.3.1/thumb/v7e-m+fp/softfp\libgcc.a(_aeabi_uldivmod.o)
                0x1000d064                __aeabi_uldivmod
 .text          0x1000d094      0x2d0 c:/maximsdk/tools/gnutools/10.3/bin/../lib/gcc/arm-none-eabi/10.3.1/thumb/v7e-m+fp/softfp\libgcc.a(_udivmoddi4.o)
                0x1000d094                __udivmoddi4
 .text          0x1000d364        0x4 c:/maximsdk/tools/gnutools/10.3/bin/../lib/gcc/arm-none-eabi/10.3.1/thumb/v7e-m+fp/softfp\libgcc.a(_dvmd_tls.o)
                0x1000d364                __aeabi_idiv0
                0x1000d364                __aeabi_ldiv0
 *(.rodata*)
 .rodata.kernels
                0x1000d368     0xe59c c:/MaximSDK/Examples/MAX78000/CNN/source_clean_unclean/build/cnn.o
 .rodata.capture_process_camera.str1.4
                0x1001b904       0x28 c:/MaximSDK/Examples/MAX78000/CNN/source_clean_unclean/build/main.o
 .rodata.main.str1.4
                0x1001b92c       0xf1 c:/MaximSDK/Examples/MAX78000/CNN/source_clean_unclean/build/main.o
 *fill*         0x1001ba1d        0x3 
 .rodata.classes
                0x1001ba20       0x14 c:/MaximSDK/Examples/MAX78000/CNN/source_clean_unclean/build/main.o
                0x1001ba20                classes
 .rodata.mxc_assert.str1.4
                0x1001ba34       0x19 c:/MaximSDK/Examples/MAX78000/CNN/source_clean_unclean/build/board.o
 *fill*         0x1001ba4d        0x3 
 .rodata.Board_Init.str1.4
                0x1001ba50       0x45 c:/MaximSDK/Examples/MAX78000/CNN/source_clean_unclean/build/board.o
 *fill*         0x1001ba95        0x3 
 .rodata.led_pin
                0x1001ba98       0x24 c:/MaximSDK/Examples/MAX78000/CNN/source_clean_unclean/build/board.o
                0x1001ba98                led_pin
 .rodata.num_leds
                0x1001babc        0x4 c:/MaximSDK/Examples/MAX78000/CNN/source_clean_unclean/build/board.o
                0x1001babc                num_leds
 .rodata.num_pbs
                0x1001bac0        0x4 c:/MaximSDK/Examples/MAX78000/CNN/source_clean_unclean/build/board.o
                0x1001bac0                num_pbs
 .rodata.pb_pin
                0x1001bac4       0x18 c:/MaximSDK/Examples/MAX78000/CNN/source_clean_unclean/build/board.o
                0x1001bac4                pb_pin
 .rodata.LED_On.str1.4
                0x1001badc       0x3b c:/MaximSDK/Examples/MAX78000/CNN/source_clean_unclean/build/led.o
 *fill*         0x1001bb17        0x1 
 .rodata.PB_IntEnable.str1.4
                0x1001bb18       0x41 c:/MaximSDK/Examples/MAX78000/CNN/source_clean_unclean/build/pb.o
 *fill*         0x1001bb59        0x3 
 .rodata.camera_setup.str1.4
                0x1001bb5c       0x1b c:/MaximSDK/Examples/MAX78000/CNN/source_clean_unclean/build/camera.o
 *fill*         0x1001bb77        0x1 
 .rodata.dump_registers.str1.4
                0x1001bb78       0x12 c:/MaximSDK/Examples/MAX78000/CNN/source_clean_unclean/build/ov7692.o
 *fill*         0x1001bb8a        0x2 
 .rodata.default_regs
                0x1001bb8c       0x5e c:/MaximSDK/Examples/MAX78000/CNN/source_clean_unclean/build/ov7692.o
 *fill*         0x1001bbea        0x2 
 .rodata.gpio_cfg_scl
                0x1001bbec        0xc c:/MaximSDK/Examples/MAX78000/CNN/source_clean_unclean/build/sccb.o
 .rodata.gpio_cfg_sda
                0x1001bbf8        0xc c:/MaximSDK/Examples/MAX78000/CNN/source_clean_unclean/build/sccb.o
 .rodata.gpio_cfg_extclk
                0x1001bc04        0xc C:/MaximSDK/Libraries/PeriphDrivers/bin/MAX78000/spi-v1_softfp/libPeriphDriver_spi-v1_softfp.a(pins_ai85.o)
                0x1001bc04                gpio_cfg_extclk
 .rodata.gpio_cfg_i2c0
                0x1001bc10        0xc C:/MaximSDK/Libraries/PeriphDrivers/bin/MAX78000/spi-v1_softfp/libPeriphDriver_spi-v1_softfp.a(pins_ai85.o)
                0x1001bc10                gpio_cfg_i2c0
 .rodata.gpio_cfg_i2c1
                0x1001bc1c        0xc C:/MaximSDK/Libraries/PeriphDrivers/bin/MAX78000/spi-v1_softfp/libPeriphDriver_spi-v1_softfp.a(pins_ai85.o)
                0x1001bc1c                gpio_cfg_i2c1
 .rodata.gpio_cfg_i2c2
                0x1001bc28        0xc C:/MaximSDK/Libraries/PeriphDrivers/bin/MAX78000/spi-v1_softfp/libPeriphDriver_spi-v1_softfp.a(pins_ai85.o)
                0x1001bc28                gpio_cfg_i2c2
 .rodata.gpio_cfg_pcif_P0_BITS_0_7
                0x1001bc34        0xc C:/MaximSDK/Libraries/PeriphDrivers/bin/MAX78000/spi-v1_softfp/libPeriphDriver_spi-v1_softfp.a(pins_ai85.o)
                0x1001bc34                gpio_cfg_pcif_P0_BITS_0_7
 .rodata.gpio_cfg_pcif_P0_BITS_8_9
                0x1001bc40        0xc C:/MaximSDK/Libraries/PeriphDrivers/bin/MAX78000/spi-v1_softfp/libPeriphDriver_spi-v1_softfp.a(pins_ai85.o)
                0x1001bc40                gpio_cfg_pcif_P0_BITS_8_9
 .rodata.gpio_cfg_pcif_P1_BITS_10_11
                0x1001bc4c        0xc C:/MaximSDK/Libraries/PeriphDrivers/bin/MAX78000/spi-v1_softfp/libPeriphDriver_spi-v1_softfp.a(pins_ai85.o)
                0x1001bc4c                gpio_cfg_pcif_P1_BITS_10_11
 .rodata.gpio_cfg_pcif_hsync
                0x1001bc58        0xc C:/MaximSDK/Libraries/PeriphDrivers/bin/MAX78000/spi-v1_softfp/libPeriphDriver_spi-v1_softfp.a(pins_ai85.o)
                0x1001bc58                gpio_cfg_pcif_hsync
 .rodata.gpio_cfg_pcif_vsync
                0x1001bc64        0xc C:/MaximSDK/Libraries/PeriphDrivers/bin/MAX78000/spi-v1_softfp/libPeriphDriver_spi-v1_softfp.a(pins_ai85.o)
                0x1001bc64                gpio_cfg_pcif_vsync
 .rodata.gpio_cfg_pcif_xclk
                0x1001bc70        0xc C:/MaximSDK/Libraries/PeriphDrivers/bin/MAX78000/spi-v1_softfp/libPeriphDriver_spi-v1_softfp.a(pins_ai85.o)
                0x1001bc70                gpio_cfg_pcif_xclk
 .rodata.gpio_cfg_pt0
                0x1001bc7c        0xc C:/MaximSDK/Libraries/PeriphDrivers/bin/MAX78000/spi-v1_softfp/libPeriphDriver_spi-v1_softfp.a(pins_ai85.o)
                0x1001bc7c                gpio_cfg_pt0
 .rodata.gpio_cfg_pt1
                0x1001bc88        0xc C:/MaximSDK/Libraries/PeriphDrivers/bin/MAX78000/spi-v1_softfp/libPeriphDriver_spi-v1_softfp.a(pins_ai85.o)
                0x1001bc88                gpio_cfg_pt1
 .rodata.gpio_cfg_pt2
                0x1001bc94        0xc C:/MaximSDK/Libraries/PeriphDrivers/bin/MAX78000/spi-v1_softfp/libPeriphDriver_spi-v1_softfp.a(pins_ai85.o)
                0x1001bc94                gpio_cfg_pt2
 .rodata.gpio_cfg_pt3
                0x1001bca0        0xc C:/MaximSDK/Libraries/PeriphDrivers/bin/MAX78000/spi-v1_softfp/libPeriphDriver_spi-v1_softfp.a(pins_ai85.o)
                0x1001bca0                gpio_cfg_pt3
 .rodata.gpio_cfg_uart0
                0x1001bcac        0xc C:/MaximSDK/Libraries/PeriphDrivers/bin/MAX78000/spi-v1_softfp/libPeriphDriver_spi-v1_softfp.a(pins_ai85.o)
                0x1001bcac                gpio_cfg_uart0
 .rodata.gpio_cfg_uart1
                0x1001bcb8        0xc C:/MaximSDK/Libraries/PeriphDrivers/bin/MAX78000/spi-v1_softfp/libPeriphDriver_spi-v1_softfp.a(pins_ai85.o)
                0x1001bcb8                gpio_cfg_uart1
 .rodata.gpio_cfg_uart2
                0x1001bcc4        0xc C:/MaximSDK/Libraries/PeriphDrivers/bin/MAX78000/spi-v1_softfp/libPeriphDriver_spi-v1_softfp.a(pins_ai85.o)
                0x1001bcc4                gpio_cfg_uart2
 .rodata.gpio_cfg_uart3
                0x1001bcd0        0xc C:/MaximSDK/Libraries/PeriphDrivers/bin/MAX78000/spi-v1_softfp/libPeriphDriver_spi-v1_softfp.a(pins_ai85.o)
                0x1001bcd0                gpio_cfg_uart3
 .rodata.MXC_DMA_RevA_Init.str1.4
                0x1001bcdc       0x51 C:/MaximSDK/Libraries/PeriphDrivers/bin/MAX78000/spi-v1_softfp/libPeriphDriver_spi-v1_softfp.a(dma_reva.o)
 *fill*         0x1001bd2d        0x3 
 .rodata.MXC_PT_Init.str1.4
                0x1001bd30       0x55 C:/MaximSDK/Libraries/PeriphDrivers/bin/MAX78000/spi-v1_softfp/libPeriphDriver_spi-v1_softfp.a(pt_ai85.o)
 *fill*         0x1001bd85        0x3 
 .rodata.MXC_PT_RevA_Config.str1.4
                0x1001bd88       0x51 C:/MaximSDK/Libraries/PeriphDrivers/bin/MAX78000/spi-v1_softfp/libPeriphDriver_spi-v1_softfp.a(pt_reva.o)
 *fill*         0x1001bdd9        0x3 
 .rodata.MXC_UART_RevB_Init.str1.4
                0x1001bddc       0x77 C:/MaximSDK/Libraries/PeriphDrivers/bin/MAX78000/spi-v1_softfp/libPeriphDriver_spi-v1_softfp.a(uart_revb.o)
 *fill*         0x1001be53        0x1 
 .rodata.MXC_UART_RevB_SetClockSource.str1.4
                0x1001be54       0x27 C:/MaximSDK/Libraries/PeriphDrivers/bin/MAX78000/spi-v1_softfp/libPeriphDriver_spi-v1_softfp.a(uart_revb.o)
 *fill*         0x1001be7b        0x1 
 .rodata.MXC_GPIO_Common_Handler.str1.4
                0x1001be7c       0x66 C:/MaximSDK/Libraries/PeriphDrivers/bin/MAX78000/spi-v1_softfp/libPeriphDriver_spi-v1_softfp.a(gpio_common.o)
 *fill*         0x1001bee2        0x2 
 .rodata._global_impure_ptr
                0x1001bee4        0x4 c:/maximsdk/tools/gnutools/10.3/bin/../lib/gcc/arm-none-eabi/10.3.1/../../../../arm-none-eabi/lib/thumb/v7e-m+fp/softfp\libc.a(lib_a-impure.o)
                0x1001bee4                _global_impure_ptr
 .rodata._puts_r.str1.4
                0x1001bee8       0x66 c:/maximsdk/tools/gnutools/10.3/bin/../lib/gcc/arm-none-eabi/10.3.1/../../../../arm-none-eabi/lib/thumb/v7e-m+fp/softfp\libc.a(lib_a-puts.o)
                                  0x2 (size before relaxing)
 .rodata._svfprintf_r.str1.4
                0x1001bee8       0x42 c:/maximsdk/tools/gnutools/10.3/bin/../lib/gcc/arm-none-eabi/10.3.1/../../../../arm-none-eabi/lib/thumb/v7e-m+fp/softfp\libc.a(lib_a-svfprintf.o)
 *fill*         0x1001bf2a        0x2 
 .rodata.blanks.1
                0x1001bf2c       0x10 c:/maximsdk/tools/gnutools/10.3/bin/../lib/gcc/arm-none-eabi/10.3.1/../../../../arm-none-eabi/lib/thumb/v7e-m+fp/softfp\libc.a(lib_a-svfprintf.o)
 .rodata.zeroes.0
                0x1001bf3c       0x10 c:/maximsdk/tools/gnutools/10.3/bin/../lib/gcc/arm-none-eabi/10.3.1/../../../../arm-none-eabi/lib/thumb/v7e-m+fp/softfp\libc.a(lib_a-svfprintf.o)
 .rodata._vfprintf_r.str1.4
                0x1001bf4c       0x42 c:/maximsdk/tools/gnutools/10.3/bin/../lib/gcc/arm-none-eabi/10.3.1/../../../../arm-none-eabi/lib/thumb/v7e-m+fp/softfp\libc.a(lib_a-vfprintf.o)
 .rodata.blanks.1
                0x1001bf4c       0x10 c:/maximsdk/tools/gnutools/10.3/bin/../lib/gcc/arm-none-eabi/10.3.1/../../../../arm-none-eabi/lib/thumb/v7e-m+fp/softfp\libc.a(lib_a-vfprintf.o)
 .rodata.zeroes.0
                0x1001bf5c       0x10 c:/maximsdk/tools/gnutools/10.3/bin/../lib/gcc/arm-none-eabi/10.3.1/../../../../arm-none-eabi/lib/thumb/v7e-m+fp/softfp\libc.a(lib_a-vfprintf.o)
 .rodata._dtoa_r.str1.4
                0x1001bf6c       0xa2 c:/maximsdk/tools/gnutools/10.3/bin/../lib/gcc/arm-none-eabi/10.3.1/../../../../arm-none-eabi/lib/thumb/v7e-m+fp/softfp\libc.a(lib_a-dtoa.o)
                                 0xa6 (size before relaxing)
 *fill*         0x1001c00e        0x2 
 .rodata.__multadd.str1.4
                0x1001c010       0x7f c:/maximsdk/tools/gnutools/10.3/bin/../lib/gcc/arm-none-eabi/10.3.1/../../../../arm-none-eabi/lib/thumb/v7e-m+fp/softfp\libc.a(lib_a-mprec.o)
                                 0x93 (size before relaxing)
 *fill*         0x1001c08f        0x1 
 .rodata.__mprec_bigtens
                0x1001c090       0x28 c:/maximsdk/tools/gnutools/10.3/bin/../lib/gcc/arm-none-eabi/10.3.1/../../../../arm-none-eabi/lib/thumb/v7e-m+fp/softfp\libc.a(lib_a-mprec.o)
                0x1001c090                __mprec_bigtens
 .rodata.__mprec_tens
                0x1001c0b8       0xc8 c:/maximsdk/tools/gnutools/10.3/bin/../lib/gcc/arm-none-eabi/10.3.1/../../../../arm-none-eabi/lib/thumb/v7e-m+fp/softfp\libc.a(lib_a-mprec.o)
                0x1001c0b8                __mprec_tens
 .rodata.p05.0  0x1001c180        0xc c:/maximsdk/tools/gnutools/10.3/bin/../lib/gcc/arm-none-eabi/10.3.1/../../../../arm-none-eabi/lib/thumb/v7e-m+fp/softfp\libc.a(lib_a-mprec.o)
 .rodata._vfiprintf_r.str1.4
                0x1001c18c       0x2f c:/maximsdk/tools/gnutools/10.3/bin/../lib/gcc/arm-none-eabi/10.3.1/../../../../arm-none-eabi/lib/thumb/v7e-m+fp/softfp\libc.a(lib_a-vfiprintf.o)
 .rodata.blanks.1
                0x1001c18c       0x10 c:/maximsdk/tools/gnutools/10.3/bin/../lib/gcc/arm-none-eabi/10.3.1/../../../../arm-none-eabi/lib/thumb/v7e-m+fp/softfp\libc.a(lib_a-vfiprintf.o)
 .rodata.zeroes.0
                0x1001c19c       0x10 c:/maximsdk/tools/gnutools/10.3/bin/../lib/gcc/arm-none-eabi/10.3.1/../../../../arm-none-eabi/lib/thumb/v7e-m+fp/softfp\libc.a(lib_a-vfiprintf.o)
 .rodata.__assert_func.str1.4
                0x1001c1ac       0x3f c:/maximsdk/tools/gnutools/10.3/bin/../lib/gcc/arm-none-eabi/10.3.1/../../../../arm-none-eabi/lib/thumb/v7e-m+fp/softfp\libc.a(lib_a-assert.o)
                                 0x43 (size before relaxing)
 *fill*         0x1001c1eb        0x1 
 .rodata._setlocale_r.str1.4
                0x1001c1ec        0xa c:/maximsdk/tools/gnutools/10.3/bin/../lib/gcc/arm-none-eabi/10.3.1/../../../../arm-none-eabi/lib/thumb/v7e-m+fp/softfp\libc.a(lib_a-locale.o)
                                  0xd (size before relaxing)
 *fill*         0x1001c1f6        0x2 
 .rodata.str1.4
                0x1001c1f8        0x2 c:/maximsdk/tools/gnutools/10.3/bin/../lib/gcc/arm-none-eabi/10.3.1/../../../../arm-none-eabi/lib/thumb/v7e-m+fp/softfp\libc.a(lib_a-locale.o)
 *fill*         0x1001c1fa        0x2 
 .rodata._ctype_
                0x1001c1fc      0x101 c:/maximsdk/tools/gnutools/10.3/bin/../lib/gcc/arm-none-eabi/10.3.1/../../../../arm-none-eabi/lib/thumb/v7e-m+fp/softfp\libc.a(lib_a-ctype_.o)
                0x1001c1fc                _ctype_
 *(.init)
 *fill*         0x1001c2fd        0x3 
 .init          0x1001c300        0x4 c:/maximsdk/tools/gnutools/10.3/bin/../lib/gcc/arm-none-eabi/10.3.1/thumb/v7e-m+fp/softfp/crti.o
                0x1001c300                _init
 .init          0x1001c304        0x8 c:/maximsdk/tools/gnutools/10.3/bin/../lib/gcc/arm-none-eabi/10.3.1/thumb/v7e-m+fp/softfp/crtn.o
 *(.fini)
 .fini          0x1001c30c        0x4 c:/maximsdk/tools/gnutools/10.3/bin/../lib/gcc/arm-none-eabi/10.3.1/thumb/v7e-m+fp/softfp/crti.o
                0x1001c30c                _fini
 .fini          0x1001c310        0x8 c:/maximsdk/tools/gnutools/10.3/bin/../lib/gcc/arm-none-eabi/10.3.1/thumb/v7e-m+fp/softfp/crtn.o
 *crtbegin.o(.ctors)
 *crtbegin?.o(.ctors)
 *(EXCLUDE_FILE(*crtend.o *crtend?.o) .ctors)
 *(SORT_BY_NAME(.ctors.*))
 *(.ctors)
 *crtbegin.o(.dtors)
 *crtbegin?.o(.dtors)
 *(EXCLUDE_FILE(*crtend.o *crtend?.o) .dtors)
 *(SORT_BY_NAME(.dtors.*))
 *(.dtors)
 *(.eh_frame*)
 .eh_frame      0x1001c318        0x0 c:/maximsdk/tools/gnutools/10.3/bin/../lib/gcc/arm-none-eabi/10.3.1/thumb/v7e-m+fp/softfp/crtbegin.o
 .eh_frame      0x1001c318        0x4 c:/maximsdk/tools/gnutools/10.3/bin/../lib/gcc/arm-none-eabi/10.3.1/thumb/v7e-m+fp/softfp/crtend.o
                0x1001c31c                _etext = .

.glue_7         0x1001c31c        0x0
 .glue_7        0x1001c31c        0x0 linker stubs

.glue_7t        0x1001c31c        0x0
 .glue_7t       0x1001c31c        0x0 linker stubs

.vfp11_veneer   0x1001c31c        0x0
 .vfp11_veneer  0x1001c31c        0x0 linker stubs

.v4_bx          0x1001c31c        0x0
 .v4_bx         0x1001c31c        0x0 linker stubs

.iplt           0x1001c31c        0x0
 .iplt          0x1001c31c        0x0 c:/maximsdk/tools/gnutools/10.3/bin/../lib/gcc/arm-none-eabi/10.3.1/thumb/v7e-m+fp/softfp/crtbegin.o

.ARM.extab
 *(.ARM.extab* .gnu.linkonce.armextab.*)

.bin_storage    0x1001c31c    0x2742c
 FILL mask 0xff
                0x1001c31c                _bin_start_ = .
 *(.bin_storage_img)
 .bin_storage_img
                0x1001c31c    0x25804 c:/MaximSDK/Examples/MAX78000/CNN/source_clean_unclean/build/img_1_rgb565.o
                0x1001c31c                img_1_rgb565
 .bin_storage_img
                0x10041b20      0xfc4 c:/MaximSDK/Examples/MAX78000/CNN/source_clean_unclean/build/logo_rgb565.o
                0x10041b20                logo_rgb565
 .bin_storage_img
                0x10042ae4      0xc64 c:/MaximSDK/Examples/MAX78000/CNN/source_clean_unclean/build/LiberationSans16x16.o
                0x10042ae4                Liberation_Sans16x16
                0x10043748                _bin_end_ = .
                0x10043748                . = ALIGN (0x4)

.rom_code       0x00000000        0x0